<html>
<body>
<pre>
<h1>µVision Build Log</h1>
<h2>Tool Versions:</h2>
IDE-Version: ¦ÌVision V5.27.1.0
Copyright (C) 2019 ARM Ltd and ARM Germany GmbH. All rights reserved.
License Information: 1 ThinkPad, 1, LIC=VGX2Z-JKW87-4SSY4-F4F1Y-44UUT-NGS3N
 
Tool Versions:
Toolchain:       MDK-ARM Plus  Version: 5.26.2.0
Toolchain Path:  C:\Keil_v5\ARM\ARMCC\Bin
C Compiler:      Armcc.exe V5.06 update 6 (build 750)
Assembler:       Armasm.exe V5.06 update 6 (build 750)
Linker/Locator:  ArmLink.exe V5.06 update 6 (build 750)
Library Manager: ArmAr.exe V5.06 update 6 (build 750)
Hex Converter:   FromElf.exe V5.06 update 6 (build 750)
CPU DLL:         SARMCM3.DLL V5.26.2.0
Dialog DLL:      DCM.DLL V1.17.2.0
Target DLL:      Segger\JL2CM3.dll V2.99.31.0
Dialog DLL:      TCM.DLL V1.36.1.0
 
<h2>Project:</h2>
D:\0_xitian\software\kuaidigui\KuaiDiGui_XinTian\USER\USART.uvprojx
Project File Date:  04/29/2020

<h2>Output:</h2>
*** Using Compiler 'V5.06 update 6 (build 750)', folder: 'C:\Keil_v5\ARM\ARMCC\Bin'
Build target 'Target 1'
compiling timer.c...
compiling led.c...
..\HARDWARE\LED\led.c(310): warning:  #111-D: statement is unreachable
  					SEGGER_RTT_printf(0, "lock_channel=%d\n",lock_channel);
..\HARDWARE\LED\led.c: 1 warning, 0 errors
compiling main.c...
main.c(2980): warning:  #177-D: variable "t"  was declared but never referenced
  	u8 t;
main.c(2981): warning:  #177-D: variable "len"  was declared but never referenced
  	u8 len=3;	
main.c: 2 warnings, 0 errors
compiling exti.c...
..\HARDWARE\EXTI\exti.c(25): warning:  #177-D: variable "EXTI_InitStructure"  was declared but never referenced
   	  EXTI_InitTypeDef EXTI_InitStructure;
..\HARDWARE\EXTI\exti.c(26): warning:  #177-D: variable "NVIC_InitStructure"  was declared but never referenced
   	  NVIC_InitTypeDef NVIC_InitStructure;
..\HARDWARE\EXTI\exti.c: 2 warnings, 0 errors
linking...
Program Size: Code=42988 RO-data=352 RW-data=196 ZI-data=2724  
FromELF: creating hex file...
"..\OBJ\USART.axf" - 0 Error(s), 5 Warning(s).

<h2>Software Packages used:</h2>

Package Vendor: Keil
                http://www.keil.com/pack/Keil.STM32F1xx_DFP.1.0.5.pack
                Keil.STM32F1xx_DFP.1.0.5
                STMicroelectronics STM32F1 Series Device Support, Drivers and Examples

<h2>Collection of Component include folders:</h2>
  .\RTE\_Target_1
  C:\Keil_v5\ARM\PACK\Keil\STM32F1xx_DFP\1.0.5\Device\Include

<h2>Collection of Component Files used:</h2>
Build Time Elapsed:  00:00:14
</pre>
</body>
</html>
