Component: ARM Compiler 5.06 update 6 (build 750) Tool: armlink [4d35ed]

==============================================================================

Section Cross References

    main.o(.text) refers to printfa.o(i.__0vsnprintf) for __c89vsnprintf
    main.o(.text) refers to stm32f10x_usart.o(.text) for USART_SendData
    main.o(.text) refers to segger_rtt_printf.o(.text) for SEGGER_RTT_printf
    main.o(.text) refers to printf5.o(i.__0printf$5) for __2printf
    main.o(.text) refers to memseta.o(.text) for __aeabi_memclr4
    main.o(.text) refers to memcpya.o(.text) for __aeabi_memcpy
    main.o(.text) refers to stm32f10x_gpio.o(.text) for GPIO_SetBits
    main.o(.text) refers to delay.o(.text) for delay_ms
    main.o(.text) refers to usart.o(.data) for Uart1_Rx
    main.o(.text) refers to usart.o(.bss) for Uart1_Buffer
    main.o(.text) refers to main.o(.data) for m_data
    main.o(.text) refers to misc.o(.text) for NVIC_PriorityGroupConfig
    main.o(.text) refers to usart.o(.text) for SdkEvalComIOConfig
    main.o(.text) refers to key.o(.text) for KEY_Init
    main.o(.text) refers to led.o(.text) for LED_Init
    main.o(.text) refers to timer.o(.text) for TIM3_Int_Init
    main.o(.text) refers to main.o(.conststring) for .conststring
    system_stm32f10x.o(.text) refers to system_stm32f10x.o(.data) for SystemCoreClock
    led.o(.text) refers to stm32f10x_rcc.o(.text) for RCC_APB2PeriphClockCmd
    led.o(.text) refers to stm32f10x_gpio.o(.text) for GPIO_Init
    led.o(.text) refers to stm32f10x_tim.o(.text) for TIM_SetCounter
    led.o(.text) refers to misc.o(.text) for NVIC_Init
    led.o(.text) refers to segger_rtt_printf.o(.text) for SEGGER_RTT_printf
    led.o(.text) refers to delay.o(.text) for delay_ms
    led.o(.text) refers to led.o(.data) for lock_channel
    led.o(.text) refers to main.o(.data) for key_mode
    timer.o(.text) refers to stm32f10x_tim.o(.text) for TIM_SetCounter
    timer.o(.text) refers to stm32f10x_rcc.o(.text) for RCC_APB1PeriphClockCmd
    timer.o(.text) refers to misc.o(.text) for NVIC_Init
    timer.o(.text) refers to segger_rtt_printf.o(.text) for SEGGER_RTT_printf
    timer.o(.text) refers to usart.o(.data) for Uart1_Rx
    key.o(.text) refers to stm32f10x_rcc.o(.text) for RCC_APB2PeriphClockCmd
    key.o(.text) refers to stm32f10x_gpio.o(.text) for GPIO_PinRemapConfig
    key.o(.text) refers to delay.o(.text) for delay_ms
    key.o(.text) refers to stm32f10x_tim.o(.text) for TIM_TimeBaseInit
    key.o(.text) refers to misc.o(.text) for NVIC_Init
    key.o(.text) refers to key.o(.data) for key_up
    key.o(.text) refers to key.o(.bss) for keyInputHighCount
    exti.o(.text) refers to stm32f10x_rcc.o(.text) for RCC_APB2PeriphClockCmd
    exti.o(.text) refers to key.o(.text) for KEY_Init
    exti.o(.text) refers to delay.o(.text) for delay_ms
    exti.o(.text) refers to stm32f10x_gpio.o(.text) for GPIO_ReadInputDataBit
    exti.o(.text) refers to segger_rtt_printf.o(.text) for SEGGER_RTT_printf
    exti.o(.text) refers to stm32f10x_exti.o(.text) for EXTI_ClearITPendingBit
    delay.o(.text) refers to misc.o(.text) for SysTick_CLKSourceConfig
    delay.o(.text) refers to system_stm32f10x.o(.data) for SystemCoreClock
    delay.o(.text) refers to delay.o(.data) for fac_us
    usart.o(.text) refers to stm32f10x_usart.o(.text) for USART_SendData
    usart.o(.text) refers to stm32f10x_rcc.o(.text) for RCC_APB2PeriphClockCmd
    usart.o(.text) refers to stm32f10x_gpio.o(.text) for GPIO_Init
    usart.o(.text) refers to misc.o(.text) for NVIC_Init
    usart.o(.text) refers to segger_rtt_printf.o(.text) for SEGGER_RTT_printf
    usart.o(.text) refers to timer.o(.text) for TIM3_Set
    usart.o(.text) refers to usart.o(.data) for IO_Receive_Data
    usart.o(.text) refers to usart.o(.bss) for Uart1_Buffer
    startup_stm32f10x_md.o(RESET) refers to startup_stm32f10x_md.o(STACK) for __initial_sp
    startup_stm32f10x_md.o(RESET) refers to startup_stm32f10x_md.o(.text) for Reset_Handler
    startup_stm32f10x_md.o(RESET) refers to stm32f10x_it.o(.text) for NMI_Handler
    startup_stm32f10x_md.o(RESET) refers to exti.o(.text) for EXTI2_IRQHandler
    startup_stm32f10x_md.o(RESET) refers to key.o(.text) for TIM2_IRQHandler
    startup_stm32f10x_md.o(RESET) refers to timer.o(.text) for TIM3_IRQHandler
    startup_stm32f10x_md.o(RESET) refers to led.o(.text) for TIM4_IRQHandler
    startup_stm32f10x_md.o(RESET) refers to usart.o(.text) for USART1_IRQHandler
    startup_stm32f10x_md.o(.text) refers to system_stm32f10x.o(.text) for SystemInit
    startup_stm32f10x_md.o(.text) refers to entry.o(.ARM.Collect$$$$00000000) for __main
    stm32f10x_gpio.o(.text) refers to stm32f10x_rcc.o(.text) for RCC_APB2PeriphResetCmd
    stm32f10x_rcc.o(.text) refers to stm32f10x_rcc.o(.data) for APBAHBPrescTable
    stm32f10x_usart.o(.text) refers to stm32f10x_rcc.o(.text) for RCC_APB2PeriphResetCmd
    stm32f10x_tim.o(.text) refers to stm32f10x_rcc.o(.text) for RCC_APB2PeriphResetCmd
[...]
    printfb.o(i.__0sprintf$bare) refers to printfb.o(i._sputc) for _sputc
    printfb.o(i.__0vfprintf$bare) refers to printfb.o(i._printf_core) for _printf_core
    printfb.o(i.__0vfprintf$bare) refers to usart.o(.text) for fputc
    printfb.o(i.__0vprintf$bare) refers to printfb.o(i._printf_core) for _printf_core
    printfb.o(i.__0vprintf$bare) refers to usart.o(.text) for fputc
    printfb.o(i.__0vprintf$bare) refers to usart.o(.data) for __stdout
    printfb.o(i.__0vsnprintf$bare) refers to printfb.o(i._printf_core) for _printf_core
    printfb.o(i.__0vsnprintf$bare) refers to printfb.o(i._snputc) for _snputc
    printfb.o(i.__0vsprintf$bare) refers to printfb.o(i._printf_core) for _printf_core
    printfb.o(i.__0vsprintf$bare) refers to printfb.o(i._sputc) for _sputc
    printf0.o(i.__0fprintf$0) refers to printf0.o(i._printf_core) for _printf_core
    printf0.o(i.__0fprintf$0) refers to usart.o(.text) for fputc
    printf0.o(i.__0printf$0) refers to printf0.o(i._printf_core) for _printf_core
    printf0.o(i.__0printf$0) refers to usart.o(.text) for fputc
    printf0.o(i.__0printf$0) refers to usart.o(.data) for __stdout
    printf0.o(i.__0snprintf$0) refers to printf0.o(i._printf_core) for _printf_core
    printf0.o(i.__0snprintf$0) refers to printf0.o(i._snputc) for _snputc
    printf0.o(i.__0sprintf$0) refers to printf0.o(i._printf_core) for _printf_core
    printf0.o(i.__0sprintf$0) refers to printf0.o(i._sputc) for _sputc
    printf0.o(i.__0vfprintf$0) refers to printf0.o(i._printf_core) for _printf_core
    printf0.o(i.__0vfprintf$0) refers to usart.o(.text) for fputc
    printf0.o(i.__0vprintf$0) refers to printf0.o(i._printf_core) for _printf_core
    printf0.o(i.__0vprintf$0) refers to usart.o(.text) for fputc
    printf0.o(i.__0vprintf$0) refers to usart.o(.data) for __stdout
    printf0.o(i.__0vsnprintf$0) refers to printf0.o(i._printf_core) for _printf_core
    printf0.o(i.__0vsnprintf$0) refers to printf0.o(i._snputc) for _snputc
    printf0.o(i.__0vsprintf$0) refers to printf0.o(i._printf_core) for _printf_core
    printf0.o(i.__0vsprintf$0) refers to printf0.o(i._sputc) for _sputc
    printf1.o(i.__0fprintf$1) refers to printf1.o(i._printf_core) for _printf_core
    printf1.o(i.__0fprintf$1) refers to usart.o(.text) for fputc
    printf1.o(i.__0printf$1) refers to printf1.o(i._printf_core) for _printf_core
    printf1.o(i.__0printf$1) refers to usart.o(.text) for fputc
    printf1.o(i.__0printf$1) refers to usart.o(.data) for __stdout
    printf1.o(i.__0snprintf$1) refers to printf1.o(i._printf_core) for _printf_core
    printf1.o(i.__0snprintf$1) refers to printf1.o(i._snputc) for _snputc
    printf1.o(i.__0sprintf$1) refers to printf1.o(i._printf_core) for _printf_core
    printf1.o(i.__0sprintf$1) refers to printf1.o(i._sputc) for _sputc
    printf1.o(i.__0vfprintf$1) refers to printf1.o(i._printf_core) for _printf_core
    printf1.o(i.__0vfprintf$1) refers to usart.o(.text) for fputc
    printf1.o(i.__0vprintf$1) refers to printf1.o(i._printf_core) for _printf_core
    printf1.o(i.__0vprintf$1) refers to usart.o(.text) for fputc
    printf1.o(i.__0vprintf$1) refers to usart.o(.data) for __stdout
    printf1.o(i.__0vsnprintf$1) refers to printf1.o(i._printf_core) for _printf_core
    printf1.o(i.__0vsnprintf$1) refers to printf1.o(i._snputc) for _snputc
    printf1.o(i.__0vsprintf$1) refers to printf1.o(i._printf_core) for _printf_core
    printf1.o(i.__0vsprintf$1) refers to printf1.o(i._sputc) for _sputc
    printf1.o(i._printf_core) refers to uidiv.o(.text) for __aeabi_uidivmod
    printf2.o(i.__0fprintf$2) refers to printf2.o(i._printf_core) for _printf_core
    printf2.o(i.__0fprintf$2) refers to usart.o(.text) for fputc
    printf2.o(i.__0printf$2) refers to printf2.o(i._printf_core) for _printf_core
    printf2.o(i.__0printf$2) refers to usart.o(.text) for fputc
    printf2.o(i.__0printf$2) refers to usart.o(.data) for __stdout
    printf2.o(i.__0snprintf$2) refers to printf2.o(i._printf_core) for _printf_core
    printf2.o(i.__0snprintf$2) refers to printf2.o(i._snputc) for _snputc
    printf2.o(i.__0sprintf$2) refers to printf2.o(i._printf_core) for _printf_core
    printf2.o(i.__0sprintf$2) refers to printf2.o(i._sputc) for _sputc
    printf2.o(i.__0vfprintf$2) refers to printf2.o(i._printf_core) for _printf_core
    printf2.o(i.__0vfprintf$2) refers to usart.o(.text) for fputc
    printf2.o(i.__0vprintf$2) refers to printf2.o(i._printf_core) for _printf_core
    printf2.o(i.__0vprintf$2) refers to usart.o(.text) for fputc
    printf2.o(i.__0vprintf$2) refers to usart.o(.data) for __stdout
    printf2.o(i.__0vsnprintf$2) refers to printf2.o(i._printf_core) for _printf_core
    printf2.o(i.__0vsnprintf$2) refers to printf2.o(i._snputc) for _snputc
    printf2.o(i.__0vsprintf$2) refers to printf2.o(i._printf_core) for _printf_core
    printf2.o(i.__0vsprintf$2) refers to printf2.o(i._sputc) for _sputc
    printf3.o(i.__0fprintf$3) refers to printf3.o(i._printf_core) for _printf_core
    printf3.o(i.__0fprintf$3) refers to usart.o(.text) for fputc
    printf3.o(i.__0printf$3) refers to printf3.o(i._printf_core) for _printf_core
    printf3.o(i.__0printf$3) refers to usart.o(.text) for fputc
    printf3.o(i.__0printf$3) refers to usart.o(.data) for __stdout
    printf3.o(i.__0snprintf$3) refers to printf3.o(i._printf_core) for _printf_core
    printf3.o(i.__0snprintf$3) refers to printf3.o(i._snputc) for _snputc
    printf3.o(i.__0sprintf$3) refers to printf3.o(i._printf_core) for _printf_core
    printf3.o(i.__0sprintf$3) refers to printf3.o(i._sputc) for _sputc
    printf3.o(i.__0vfprintf$3) refers to printf3.o(i._printf_core) for _printf_core
    printf3.o(i.__0vfprintf$3) refers to usart.o(.text) for fputc
    printf3.o(i.__0vprintf$3) refers to printf3.o(i._printf_core) for _printf_core
    printf3.o(i.__0vprintf$3) refers to usart.o(.text) for fputc
    printf3.o(i.__0vprintf$3) refers to usart.o(.data) for __stdout
    printf3.o(i.__0vsnprintf$3) refers to printf3.o(i._printf_core) for _printf_core
    printf3.o(i.__0vsnprintf$3) refers to printf3.o(i._snputc) for _snputc
    printf3.o(i.__0vsprintf$3) refers to printf3.o(i._printf_core) for _printf_core
    printf3.o(i.__0vsprintf$3) refers to printf3.o(i._sputc) for _sputc
    printf3.o(i._printf_core) refers to uidiv.o(.text) for __aeabi_uidivmod
    printf4.o(i.__0fprintf$4) refers to printf4.o(i._printf_core) for _printf_core
    printf4.o(i.__0fprintf$4) refers to usart.o(.text) for fputc
    printf4.o(i.__0printf$4) refers to printf4.o(i._printf_core) for _printf_core
    printf4.o(i.__0printf$4) refers to usart.o(.text) for fputc
    printf4.o(i.__0printf$4) refers to usart.o(.data) for __stdout
    printf4.o(i.__0snprintf$4) refers to printf4.o(i._printf_core) for _printf_core
    printf4.o(i.__0snprintf$4) refers to printf4.o(i._snputc) for _snputc
    printf4.o(i.__0sprintf$4) refers to printf4.o(i._printf_core) for _printf_core
    printf4.o(i.__0sprintf$4) refers to printf4.o(i._sputc) for _sputc
    printf4.o(i.__0vfprintf$4) refers to printf4.o(i._printf_core) for _printf_core
    printf4.o(i.__0vfprintf$4) refers to usart.o(.text) for fputc
    printf4.o(i.__0vprintf$4) refers to printf4.o(i._printf_core) for _printf_core
    printf4.o(i.__0vprintf$4) refers to usart.o(.text) for fputc
    printf4.o(i.__0vprintf$4) refers to usart.o(.data) for __stdout
    printf4.o(i.__0vsnprintf$4) refers to printf4.o(i._printf_core) for _printf_core
    printf4.o(i.__0vsnprintf$4) refers to printf4.o(i._snputc) for _snputc
    printf4.o(i.__0vsprintf$4) refers to printf4.o(i._printf_core) for _printf_core
    printf4.o(i.__0vsprintf$4) refers to printf4.o(i._sputc) for _sputc
    printf4.o(i._printf_core) refers to uldiv.o(.text) for __aeabi_uldivmod
    printf5.o(i.__0fprintf$5) refers to printf5.o(i._printf_core) for _printf_core
    printf5.o(i.__0fprintf$5) refers to usart.o(.text) for fputc
    printf5.o(i.__0printf$5) refers to printf5.o(i._printf_core) for _printf_core
    printf5.o(i.__0printf$5) refers to usart.o(.text) for fputc
    printf5.o(i.__0printf$5) refers to usart.o(.data) for __stdout
    printf5.o(i.__0snprintf$5) refers to printf5.o(i._printf_core) for _printf_core
    printf5.o(i.__0snprintf$5) refers to printf5.o(i._snputc) for _snputc
    printf5.o(i.__0sprintf$5) refers to printf5.o(i._printf_core) for _printf_core
    printf5.o(i.__0sprintf$5) refers to printf5.o(i._sputc) for _sputc
    printf5.o(i.__0vfprintf$5) refers to printf5.o(i._printf_core) for _printf_core
    printf5.o(i.__0vfprintf$5) refers to usart.o(.text) for fputc
    printf5.o(i.__0vprintf$5) refers to printf5.o(i._printf_core) for _printf_core
    printf5.o(i.__0vprintf$5) refers to usart.o(.text) for fputc
    printf5.o(i.__0vprintf$5) refers to usart.o(.data) for __stdout
    printf5.o(i.__0vsnprintf$5) refers to printf5.o(i._printf_core) for _printf_core
    printf5.o(i.__0vsnprintf$5) refers to printf5.o(i._snputc) for _snputc
    printf5.o(i.__0vsprintf$5) refers to printf5.o(i._printf_core) for _printf_core
    printf5.o(i.__0vsprintf$5) refers to printf5.o(i._sputc) for _sputc
    printf5.o(i._printf_core) refers to uldiv.o(.text) for __aeabi_uldivmod
    printf6.o(i.__0fprintf$6) refers to printf6.o(i._printf_core) for _printf_core
    printf6.o(i.__0fprintf$6) refers to usart.o(.text) for fputc
    printf6.o(i.__0printf$6) refers to printf6.o(i._printf_core) for _printf_core
    printf6.o(i.__0printf$6) refers to usart.o(.text) for fputc
    printf6.o(i.__0printf$6) refers to usart.o(.data) for __stdout
    printf6.o(i.__0snprintf$6) refers to printf6.o(i._printf_core) for _printf_core
    printf6.o(i.__0snprintf$6) refers to printf6.o(i._snputc) for _snputc
    printf6.o(i.__0sprintf$6) refers to printf6.o(i._printf_core) for _printf_core
    printf6.o(i.__0sprintf$6) refers to printf6.o(i._sputc) for _sputc
    printf6.o(i.__0vfprintf$6) refers to printf6.o(i._printf_core) for _printf_core
    printf6.o(i.__0vfprintf$6) refers to usart.o(.text) for fputc
    printf6.o(i.__0vprintf$6) refers to printf6.o(i._printf_core) for _printf_core
    printf6.o(i.__0vprintf$6) refers to usart.o(.text) for fputc
    printf6.o(i.__0vprintf$6) refers to usart.o(.data) for __stdout
    printf6.o(i.__0vsnprintf$6) refers to printf6.o(i._printf_core) for _printf_core
    printf6.o(i.__0vsnprintf$6) refers to printf6.o(i._snputc) for _snputc
    printf6.o(i.__0vsprintf$6) refers to printf6.o(i._printf_core) for _printf_core
    printf6.o(i.__0vsprintf$6) refers to printf6.o(i._sputc) for _sputc
    printf6.o(i._printf_core) refers to printf6.o(i._printf_pre_padding) for _printf_pre_padding
    printf6.o(i._printf_core) refers to uidiv.o(.text) for __aeabi_uidivmod
    printf6.o(i._printf_core) refers to printf6.o(i._printf_post_padding) for _printf_post_padding
    printf7.o(i.__0fprintf$7) refers to printf7.o(i._printf_core) for _printf_core
    printf7.o(i.__0fprintf$7) refers to usart.o(.text) for fputc
    printf7.o(i.__0printf$7) refers to printf7.o(i._printf_core) for _printf_core
    printf7.o(i.__0printf$7) refers to usart.o(.text) for fputc
    printf7.o(i.__0printf$7) refers to usart.o(.data) for __stdout
    printf7.o(i.__0snprintf$7) refers to printf7.o(i._printf_core) for _printf_core
    printf7.o(i.__0snprintf$7) refers to printf7.o(i._snputc) for _snputc
    printf7.o(i.__0sprintf$7) refers to printf7.o(i._printf_core) for _printf_core
    printf7.o(i.__0sprintf$7) refers to printf7.o(i._sputc) for _sputc
    printf7.o(i.__0vfprintf$7) refers to printf7.o(i._printf_core) for _printf_core
    printf7.o(i.__0vfprintf$7) refers to usart.o(.text) for fputc
    printf7.o(i.__0vprintf$7) refers to printf7.o(i._printf_core) for _printf_core
    printf7.o(i.__0vprintf$7) refers to usart.o(.text) for fputc
    printf7.o(i.__0vprintf$7) refers to usart.o(.data) for __stdout
    printf7.o(i.__0vsnprintf$7) refers to printf7.o(i._printf_core) for _printf_core
    printf7.o(i.__0vsnprintf$7) refers to printf7.o(i._snputc) for _snputc
    printf7.o(i.__0vsprintf$7) refers to printf7.o(i._printf_core) for _printf_core
    printf7.o(i.__0vsprintf$7) refers to printf7.o(i._sputc) for _sputc
    printf7.o(i._printf_core) refers to printf7.o(i._printf_pre_padding) for _printf_pre_padding
    printf7.o(i._printf_core) refers to uldiv.o(.text) for __aeabi_uldivmod
    printf7.o(i._printf_core) refers to printf7.o(i._printf_post_padding) for _printf_post_padding
    printf8.o(i.__0fprintf$8) refers to printf8.o(i._printf_core) for _printf_core
    printf8.o(i.__0fprintf$8) refers to usart.o(.text) for fputc
    printf8.o(i.__0printf$8) refers to printf8.o(i._printf_core) for _printf_core
    printf8.o(i.__0printf$8) refers to usart.o(.text) for fputc
    printf8.o(i.__0printf$8) refers to usart.o(.data) for __stdout
    printf8.o(i.__0snprintf$8) refers to printf8.o(i._printf_core) for _printf_core
    printf8.o(i.__0snprintf$8) refers to printf8.o(i._snputc) for _snputc
    printf8.o(i.__0sprintf$8) refers to printf8.o(i._printf_core) for _printf_core
    printf8.o(i.__0sprintf$8) refers to printf8.o(i._sputc) for _sputc
    printf8.o(i.__0vfprintf$8) refers to printf8.o(i._printf_core) for _printf_core
    printf8.o(i.__0vfprintf$8) refers to usart.o(.text) for fputc
    printf8.o(i.__0vprintf$8) refers to printf8.o(i._printf_core) for _printf_core
    printf8.o(i.__0vprintf$8) refers to usart.o(.text) for fputc
    printf8.o(i.__0vprintf$8) refers to usart.o(.data) for __stdout
    printf8.o(i.__0vsnprintf$8) refers to printf8.o(i._printf_core) for _printf_core
    printf8.o(i.__0vsnprintf$8) refers to printf8.o(i._snputc) for _snputc
    printf8.o(i.__0vsprintf$8) refers to printf8.o(i._printf_core) for _printf_core
    printf8.o(i.__0vsprintf$8) refers to printf8.o(i._sputc) for _sputc
    printf8.o(i._printf_core) refers to printf8.o(i._printf_pre_padding) for _printf_pre_padding
    printf8.o(i._printf_core) refers to uldiv.o(.text) for __aeabi_uldivmod
    printf8.o(i._printf_core) refers to printf8.o(i._printf_post_padding) for _printf_post_padding
    printfa.o(i.__0fprintf) refers (Special) to iusefp.o(.text) for __I$use$fp
    printfa.o(i.__0fprintf) refers to printfa.o(i._printf_core) for _printf_core
    printfa.o(i.__0fprintf) refers to usart.o(.text) for fputc
    printfa.o(i.__0printf) refers (Special) to iusefp.o(.text) for __I$use$fp
    printfa.o(i.__0printf) refers to printfa.o(i._printf_core) for _printf_core
    printfa.o(i.__0printf) refers to usart.o(.text) for fputc
    printfa.o(i.__0printf) refers to usart.o(.data) for __stdout
    printfa.o(i.__0snprintf) refers (Special) to iusefp.o(.text) for __I$use$fp
    printfa.o(i.__0snprintf) refers to printfa.o(i._printf_core) for _printf_core
    printfa.o(i.__0snprintf) refers to printfa.o(i._snputc) for _snputc
    printfa.o(i.__0sprintf) refers (Special) to iusefp.o(.text) for __I$use$fp
    printfa.o(i.__0sprintf) refers to printfa.o(i._printf_core) for _printf_core
    printfa.o(i.__0sprintf) refers to printfa.o(i._sputc) for _sputc
    printfa.o(i.__0vfprintf) refers (Special) to iusefp.o(.text) for __I$use$fp
    printfa.o(i.__0vfprintf) refers to printfa.o(i._printf_core) for _printf_core
    printfa.o(i.__0vfprintf) refers to usart.o(.text) for fputc
    printfa.o(i.__0vprintf) refers (Special) to iusefp.o(.text) for __I$use$fp
    printfa.o(i.__0vprintf) refers to printfa.o(i._printf_core) for _printf_core
    printfa.o(i.__0vprintf) refers to usart.o(.text) for fputc
    printfa.o(i.__0vprintf) refers to usart.o(.data) for __stdout
    printfa.o(i.__0vsnprintf) refers (Special) to iusefp.o(.text) for __I$use$fp
    printfa.o(i.__0vsnprintf) refers to printfa.o(i._printf_core) for _printf_core
    printfa.o(i.__0vsnprintf) refers to printfa.o(i._snputc) for _snputc
    printfa.o(i.__0vsprintf) refers (Special) to iusefp.o(.text) for __I$use$fp
    printfa.o(i.__0vsprintf) refers to printfa.o(i._printf_core) for _printf_core
    printfa.o(i.__0vsprintf) refers to printfa.o(i._sputc) for _sputc
    printfa.o(i._fp_digits) refers (Special) to iusefp.o(.text) for __I$use$fp
    printfa.o(i._fp_digits) refers to dmul.o(.text) for __aeabi_dmul
    printfa.o(i._fp_digits) refers to ddiv.o(.text) for __aeabi_ddiv
    printfa.o(i._fp_digits) refers to cdrcmple.o(.text) for __aeabi_cdrcmple
    printfa.o(i._fp_digits) refers to dadd.o(.text) for __aeabi_dadd
    printfa.o(i._fp_digits) refers to dfixul.o(.text) for __aeabi_d2ulz
    printfa.o(i._fp_digits) refers to uldiv.o(.text) for __aeabi_uldivmod
    printfa.o(i._printf_core) refers (Special) to iusefp.o(.text) for __I$use$fp
    printfa.o(i._printf_core) refers to printfa.o(i._printf_pre_padding) for _printf_pre_padding
    printfa.o(i._printf_core) refers to uldiv.o(.text) for __aeabi_uldivmod
    printfa.o(i._printf_core) refers to printfa.o(i._printf_post_padding) for _printf_post_padding
    printfa.o(i._printf_core) refers to printfa.o(i._fp_digits) for _fp_digits
    printfa.o(i._printf_core) refers to uidiv.o(.text) for __aeabi_uidivmod
    printfa.o(i._printf_post_padding) refers (Special) to iusefp.o(.text) for __I$use$fp
    printfa.o(i._printf_pre_padding) refers (Special) to iusefp.o(.text) for __I$use$fp
    printfa.o(i._snputc) refers (Special) to iusefp.o(.text) for __I$use$fp
    printfa.o(i._sputc) refers (Special) to iusefp.o(.text) for __I$use$fp
    entry2.o(.ARM.Collect$$$$00000001) refers to entry2.o(.ARM.Collect$$$$00002712) for __lit__00000000
    entry2.o(.ARM.Collect$$$$00002712) refers to startup_stm32f10x_md.o(STACK) for __initial_sp
    entry2.o(__vectab_stack_and_reset_area) refers to startup_stm32f10x_md.o(STACK) for __initial_sp
    entry2.o(__vectab_stack_and_reset_area) refers to entry.o(.ARM.Collect$$$$00000000) for __main
    entry5.o(.ARM.Collect$$$$00000004) refers to init.o(.text) for __scatterload
    entry9a.o(.ARM.Collect$$$$0000000B) refers to main.o(.text) for main
    entry9b.o(.ARM.Collect$$$$0000000C) refers to main.o(.text) for main
    uldiv.o(.text) refers to llushr.o(.text) for __aeabi_llsr
    uldiv.o(.text) refers to llshl.o(.text) for __aeabi_llsl
    dadd.o(.text) refers to llshl.o(.text) for __aeabi_llsl
    dadd.o(.text) refers to llsshr.o(.text) for __aeabi_lasr
    dadd.o(.text) refers to depilogue.o(.text) for _double_epilogue
    dmul.o(.text) refers to depilogue.o(.text) for _double_epilogue
    ddiv.o(.text) refers to depilogue.o(.text) for _double_round
    dfixul.o(.text) refers to llushr.o(.text) for __aeabi_llsr
    dfixul.o(.text) refers to llshl.o(.text) for __aeabi_llsl
    init.o(.text) refers to entry5.o(.ARM.Collect$$$$00000004) for __main_after_scatterload
    depilogue.o(.text) refers to llshl.o(.text) for __aeabi_llsl
    depilogue.o(.text) refers to llushr.o(.text) for __aeabi_llsr


==============================================================================

Removing Unused input sections from the image.

    Removing sys.o(.emb_text), (6 bytes).
    Removing sys.o(.text), (12 bytes).
    Removing core_cm3.o(.emb_text), (32 bytes).
    Removing startup_stm32f10x_md.o(HEAP), (512 bytes).

4 unused section(s) (total 562 bytes) removed from the image.

==============================================================================

Image Symbol Table

    Local Symbols

    Symbol Name                              Value     Ov Type        Size  Object(Section)

    ../clib/microlib/division.c              0x00000000   Number         0  uldiv.o ABSOLUTE
    ../clib/microlib/division.c              0x00000000   Number         0  uidiv.o ABSOLUTE
    ../clib/microlib/init/entry.s            0x00000000   Number         0  entry5.o ABSOLUTE
    ../clib/microlib/init/entry.s            0x00000000   Number         0  entry.o ABSOLUTE
    ../clib/microlib/init/entry.s            0x00000000   Number         0  entry11b.o ABSOLUTE
    ../clib/microlib/init/entry.s            0x00000000   Number         0  entry11a.o ABSOLUTE
    ../clib/microlib/init/entry.s            0x00000000   Number         0  entry10b.o ABSOLUTE
    ../clib/microlib/init/entry.s            0x00000000   Number         0  entry2.o ABSOLUTE
    ../clib/microlib/init/entry.s            0x00000000   Number         0  entry10a.o ABSOLUTE
    ../clib/microlib/init/entry.s            0x00000000   Number         0  entry9b.o ABSOLUTE
    ../clib/microlib/init/entry.s            0x00000000   Number         0  entry9a.o ABSOLUTE
    ../clib/microlib/init/entry.s            0x00000000   Number         0  entry8b.o ABSOLUTE
    ../clib/microlib/init/entry.s            0x00000000   Number         0  entry8a.o ABSOLUTE
    ../clib/microlib/init/entry.s            0x00000000   Number         0  entry7b.o ABSOLUTE
    ../clib/microlib/init/entry.s            0x00000000   Number         0  entry7a.o ABSOLUTE
    ../clib/microlib/longlong.c              0x00000000   Number         0  llsshr.o ABSOLUTE
    ../clib/microlib/longlong.c              0x00000000   Number         0  llshl.o ABSOLUTE
    ../clib/microlib/longlong.c              0x00000000   Number         0  llushr.o ABSOLUTE
    ../clib/microlib/printf/printf.c         0x00000000   Number         0  printf6.o ABSOLUTE
    ../clib/microlib/printf/printf.c         0x00000000   Number         0  printf4.o ABSOLUTE
    ../clib/microlib/printf/printf.c         0x00000000   Number         0  printf2.o ABSOLUTE
    ../clib/microlib/printf/printf.c         0x00000000   Number         0  printf1.o ABSOLUTE
    ../clib/microlib/printf/printf.c         0x00000000   Number         0  printf0.o ABSOLUTE
    ../clib/microlib/printf/printf.c         0x00000000   Number         0  printfb.o ABSOLUTE
    ../clib/microlib/printf/printf.c         0x00000000   Number         0  printf5.o ABSOLUTE
    ../clib/microlib/printf/printf.c         0x00000000   Number         0  printf8.o ABSOLUTE
    ../clib/microlib/printf/printf.c         0x00000000   Number         0  printfa.o ABSOLUTE
    ../clib/microlib/printf/printf.c         0x00000000   Number         0  printf3.o ABSOLUTE
    ../clib/microlib/printf/printf.c         0x00000000   Number         0  printf7.o ABSOLUTE
    ../clib/microlib/printf/stubs.s          0x00000000   Number         0  stubs.o ABSOLUTE
    ../clib/microlib/string/memcpy.c         0x00000000   Number         0  memcpyb.o ABSOLUTE
    ../clib/microlib/string/memcpy.c         0x00000000   Number         0  memcpya.o ABSOLUTE
    ../clib/microlib/string/memset.c         0x00000000   Number         0  memseta.o ABSOLUTE
    ../clib/microlib/string/strcpy.c         0x00000000   Number         0  strcpy.o ABSOLUTE
    ../clib/microlib/string/strlen.c         0x00000000   Number         0  strlen.o ABSOLUTE
    ../clib/microlib/stubs.s                 0x00000000   Number         0  useno.o ABSOLUTE
    ../clib/microlib/stubs.s                 0x00000000   Number         0  iusefp.o ABSOLUTE
    ../fplib/microlib/fpadd.c                0x00000000   Number         0  dadd.o ABSOLUTE
    ../fplib/microlib/fpdiv.c                0x00000000   Number         0  ddiv.o ABSOLUTE
    ../fplib/microlib/fpepilogue.c           0x00000000   Number         0  depilogue.o ABSOLUTE
    ../fplib/microlib/fpfix.c                0x00000000   Number         0  dfixul.o ABSOLUTE
    ../fplib/microlib/fpmul.c                0x00000000   Number         0  dmul.o ABSOLUTE
    ..\CORE\core_cm3.c                       0x00000000   Number         0  core_cm3.o ABSOLUTE
    ..\CORE\startup_stm32f10x_md.s           0x00000000   Number         0  startup_stm32f10x_md.o ABSOLUTE
    ..\HARDWARE\EXTI\exti.c                  0x00000000   Number         0  exti.o ABSOLUTE
    ..\HARDWARE\KEY\key.c                    0x00000000   Number         0  key.o ABSOLUTE
    ..\HARDWARE\LED\led.c                    0x00000000   Number         0  led.o ABSOLUTE
    ..\HARDWARE\TIMER\timer.c                0x00000000   Number         0  timer.o ABSOLUTE
    ..\RTT\SEGGER_RTT.c                      0x00000000   Number         0  segger_rtt.o ABSOLUTE
    ..\RTT\SEGGER_RTT_printf.c               0x00000000   Number         0  segger_rtt_printf.o ABSOLUTE
    ..\STM32F10x_FWLib\src\misc.c            0x00000000   Number         0  misc.o ABSOLUTE
    ..\STM32F10x_FWLib\src\stm32f10x_exti.c  0x00000000   Number         0  stm32f10x_exti.o ABSOLUTE
    ..\STM32F10x_FWLib\src\stm32f10x_gpio.c  0x00000000   Number         0  stm32f10x_gpio.o ABSOLUTE
    ..\STM32F10x_FWLib\src\stm32f10x_rcc.c   0x00000000   Number         0  stm32f10x_rcc.o ABSOLUTE
    ..\STM32F10x_FWLib\src\stm32f10x_tim.c   0x00000000   Number         0  stm32f10x_tim.o ABSOLUTE
    ..\STM32F10x_FWLib\src\stm32f10x_usart.c 0x00000000   Number         0  stm32f10x_usart.o ABSOLUTE
    ..\SYSTEM\delay\delay.c                  0x00000000   Number         0  delay.o ABSOLUTE
    ..\SYSTEM\sys\sys.c                      0x00000000   Number         0  sys.o ABSOLUTE
    ..\SYSTEM\usart\usart.c                  0x00000000   Number         0  usart.o ABSOLUTE
    ..\\CORE\\core_cm3.c                     0x00000000   Number         0  core_cm3.o ABSOLUTE
    ..\\SYSTEM\\sys\\sys.c                   0x00000000   Number         0  sys.o ABSOLUTE
    cdrcmple.s                               0x00000000   Number         0  cdrcmple.o ABSOLUTE
    dc.s                                     0x00000000   Number         0  dc.o ABSOLUTE
    handlers.s                               0x00000000   Number         0  handlers.o ABSOLUTE
    init.s                                   0x00000000   Number         0  init.o ABSOLUTE
    main.c                                   0x00000000   Number         0  main.o ABSOLUTE
    stm32f10x_it.c                           0x00000000   Number         0  stm32f10x_it.o ABSOLUTE
    system_stm32f10x.c                       0x00000000   Number         0  system_stm32f10x.o ABSOLUTE
    RESET                                    0x08000000   Section      236  startup_stm32f10x_md.o(RESET)
    .ARM.Collect$$$$00000000                 0x080000ec   Section        0  entry.o(.ARM.Collect$$$$00000000)
    .ARM.Collect$$$$00000001                 0x080000ec   Section        4  entry2.o(.ARM.Collect$$$$00000001)
    .ARM.Collect$$$$00000004                 0x080000f0   Section        4  entry5.o(.ARM.Collect$$$$00000004)
    .ARM.Collect$$$$00000008                 0x080000f4   Section        0  entry7b.o(.ARM.Collect$$$$00000008)
    .ARM.Collect$$$$0000000A                 0x080000f4   Section        0  entry8b.o(.ARM.Collect$$$$0000000A)
    .ARM.Collect$$$$0000000B                 0x080000f4   Section        8  entry9a.o(.ARM.Collect$$$$0000000B)
    .ARM.Collect$$$$0000000D                 0x080000fc   Section        0  entry10a.o(.ARM.Collect$$$$0000000D)
    .ARM.Collect$$$$0000000F                 0x080000fc   Section        0  entry11a.o(.ARM.Collect$$$$0000000F)
    .ARM.Collect$$$$00002712                 0x080000fc   Section        4  entry2.o(.ARM.Collect$$$$00002712)
    __lit__00000000                          0x080000fc   Data           4  entry2.o(.ARM.Collect$$$$00002712)
    .text                                    0x08000100   Section        0  main.o(.text)
    RS485_delay                              0x08000101   Thumb Code    18  main.o(.text)
    key1PressCallback                        0x0800069d   Thumb Code    32  main.o(.text)
    .text                                    0x08000af8   Section        0  stm32f10x_it.o(.text)
    .text                                    0x08000b14   Section        0  system_stm32f10x.o(.text)
    SetSysClockTo72                          0x08000b15   Thumb Code   214  system_stm32f10x.o(.text)
    SetSysClock                              0x08000beb   Thumb Code     8  system_stm32f10x.o(.text)
    .text                                    0x08000cf4   Section        0  led.o(.text)
    RS485_delay                              0x08000cf5   Thumb Code    18  led.o(.text)
    .text                                    0x08000f20   Section        0  timer.o(.text)
    RS485_delay                              0x08000f21   Thumb Code    18  timer.o(.text)
    .text                                    0x0800100c   Section        0  key.o(.text)
    .text                                    0x08001404   Section        0  exti.o(.text)
    RS485_delay                              0x08001405   Thumb Code    18  exti.o(.text)
    .text                                    0x080014e8   Section        0  delay.o(.text)
    .text                                    0x080015bc   Section        0  usart.o(.text)
    .text                                    0x08001984   Section       36  startup_stm32f10x_md.o(.text)
    .text                                    0x080019a8   Section        0  stm32f10x_gpio.o(.text)
    .text                                    0x08001d04   Section        0  stm32f10x_rcc.o(.text)
    .text                                    0x080020a8   Section        0  stm32f10x_usart.o(.text)
    .text                                    0x080024b0   Section        0  misc.o(.text)
    .text                                    0x0800258c   Section        0  stm32f10x_tim.o(.text)
    TI4_Config                               0x08002a33   Thumb Code   130  stm32f10x_tim.o(.text)
    TI3_Config                               0x08002ac7   Thumb Code   122  stm32f10x_tim.o(.text)
    TI2_Config                               0x08002b5b   Thumb Code   130  stm32f10x_tim.o(.text)
    TI1_Config                               0x08002bef   Thumb Code   108  stm32f10x_tim.o(.text)
    .text                                    0x080033a8   Section        0  stm32f10x_exti.o(.text)
    .text                                    0x080034c4   Section        0  segger_rtt.o(.text)
    _DoInit                                  0x080034c5   Thumb Code    74  segger_rtt.o(.text)
    _WriteBlocking                           0x0800350f   Thumb Code   114  segger_rtt.o(.text)
    _WriteNoCheck                            0x08003581   Thumb Code    76  segger_rtt.o(.text)
    _PostTerminalSwitch                      0x080035cd   Thumb Code    32  segger_rtt.o(.text)
    _GetAvailWriteSpace                      0x080035ed   Thumb Code    28  segger_rtt.o(.text)
    .text                                    0x0800403c   Section        0  segger_rtt_printf.o(.text)
    _StoreChar                               0x0800403d   Thumb Code    68  segger_rtt_printf.o(.text)
    _PrintUnsigned                           0x08004081   Thumb Code   230  segger_rtt_printf.o(.text)
    _PrintInt                                0x08004167   Thumb Code   236  segger_rtt_printf.o(.text)
    .text                                    0x08004484   Section        0  memcpya.o(.text)
    .text                                    0x080044a8   Section        0  memseta.o(.text)
    .text                                    0x080044cc   Section        0  strlen.o(.text)
    .text                                    0x080044da   Section        0  strcpy.o(.text)
    .text                                    0x080044ec   Section        0  uidiv.o(.text)
    .text                                    0x08004518   Section        0  uldiv.o(.text)
    .text                                    0x0800457a   Section        0  iusefp.o(.text)
    .text                                    0x0800457a   Section        0  dadd.o(.text)
    .text                                    0x080046c8   Section        0  dmul.o(.text)
    .text                                    0x080047ac   Section        0  ddiv.o(.text)
    .text                                    0x0800488a   Section        0  dfixul.o(.text)
    .text                                    0x080048bc   Section       48  cdrcmple.o(.text)
    .text                                    0x080048ec   Section       36  init.o(.text)
    .text                                    0x08004910   Section        0  llshl.o(.text)
    .text                                    0x0800492e   Section        0  llushr.o(.text)
    .text                                    0x0800494e   Section        0  llsshr.o(.text)
    .text                                    0x08004972   Section        0  depilogue.o(.text)
    i.__0printf$5                            0x08004a2c   Section        0  printf5.o(i.__0printf$5)
    i.__0vsnprintf                           0x08004a4c   Section        0  printfa.o(i.__0vsnprintf)
    i.__scatterload_copy                     0x08004a78   Section       14  handlers.o(i.__scatterload_copy)
    i.__scatterload_null                     0x08004a86   Section        2  handlers.o(i.__scatterload_null)
    i.__scatterload_zeroinit                 0x08004a88   Section       14  handlers.o(i.__scatterload_zeroinit)
    i._fp_digits                             0x08004a98   Section        0  printfa.o(i._fp_digits)
    _fp_digits                               0x08004a99   Thumb Code   366  printfa.o(i._fp_digits)
    i._printf_core                           0x08004c1c   Section        0  printf5.o(i._printf_core)
    _printf_core                             0x08004c1d   Thumb Code   658  printf5.o(i._printf_core)
    i._printf_core                           0x08004edc   Section        0  printfa.o(i._printf_core)
    _printf_core                             0x08004edd   Thumb Code  1744  printfa.o(i._printf_core)
    i._printf_post_padding                   0x080055b8   Section        0  printfa.o(i._printf_post_padding)
    _printf_post_padding                     0x080055b9   Thumb Code    36  printfa.o(i._printf_post_padding)
    i._printf_pre_padding                    0x080055dc   Section        0  printfa.o(i._printf_pre_padding)
    _printf_pre_padding                      0x080055dd   Thumb Code    46  printfa.o(i._printf_pre_padding)
    i._snputc                                0x0800560a   Section        0  printfa.o(i._snputc)
    _snputc                                  0x0800560b   Thumb Code    22  printfa.o(i._snputc)
    .constdata                               0x08005620   Section       16  segger_rtt_printf.o(.constdata)
    _aV2C                                    0x08005620   Data          16  segger_rtt_printf.o(.constdata)
    .conststring                             0x08005630   Section       67  main.o(.conststring)
    .data                                    0x20000000   Section       28  main.o(.data)
    key1ShortPressCount                      0x20000008   Data           4  main.o(.data)
    key1LongPressCount                       0x2000000c   Data           4  main.o(.data)
    key2ShortPressCount                      0x20000010   Data           4  main.o(.data)
    key2LongPressCount                       0x20000014   Data           4  main.o(.data)
    .data                                    0x2000001c   Section       20  system_stm32f10x.o(.data)
    .data                                    0x20000030   Section        1  led.o(.data)
    .data                                    0x20000034   Section       51  key.o(.data)
    KEY_GPIO                                 0x20000038   Data          12  key.o(.data)
    KEY_GPIO_Pin                             0x20000044   Data           6  key.o(.data)
    KEY_PRESS_STATUS                         0x2000004a   Data           3  key.o(.data)
    KEY_RCC_AHB1Periph_GPIO                  0x20000050   Data          12  key.o(.data)
    keyInitFlag                              0x2000005c   Data           3  key.o(.data)
    keyStatus                                0x2000005f   Data           3  key.o(.data)
    keyGetStatus                             0x20000062   Data           3  key.o(.data)
    timInitFlag                              0x20000065   Data           1  key.o(.data)
    key_up                                   0x20000066   Data           1  key.o(.data)
    .data                                    0x20000068   Section        4  delay.o(.data)
    fac_us                                   0x20000068   Data           1  delay.o(.data)
    fac_ms                                   0x2000006a   Data           2  delay.o(.data)
    .data                                    0x2000006c   Section       24  usart.o(.data)
    IO_Receive_Data                          0x20000074   Data           4  usart.o(.data)
    .data                                    0x20000084   Section       20  stm32f10x_rcc.o(.data)
    APBAHBPrescTable                         0x20000084   Data          16  stm32f10x_rcc.o(.data)
    ADCPrescTable                            0x20000094   Data           4  stm32f10x_rcc.o(.data)
    .data                                    0x20000098   Section       17  segger_rtt.o(.data)
    _aTerminalId                             0x20000098   Data          16  segger_rtt.o(.data)
    _ActiveTerminal                          0x200000a8   Data           1  segger_rtt.o(.data)
    .bss                                     0x200000ac   Section       36  key.o(.bss)
    keyInputHighCount                        0x200000ac   Data          12  key.o(.bss)
    keyInputLowCount                         0x200000b8   Data          12  key.o(.bss)
    keyPressCallback                         0x200000c4   Data          12  key.o(.bss)
    .bss                                     0x200000d0   Section      456  usart.o(.bss)
    .bss                                     0x20000298   Section     1208  segger_rtt.o(.bss)
    _acUpBuffer                              0x20000340   Data        1024  segger_rtt.o(.bss)
    _acDownBuffer                            0x20000740   Data          16  segger_rtt.o(.bss)
    STACK                                    0x20000750   Section     1024  startup_stm32f10x_md.o(STACK)

    Global Symbols

    Symbol Name                              Value     Ov Type        Size  Object(Section)

    BuildAttributes$$THM_ISAv4$P$D$K$B$S$PE$A:L22UL41UL21$X:L11$S22US41US21$IEEE1$IW$USESV6$~STKCKD$USESV7$~SHL$OSPACE$ROPI$EBA8$MICROLIB$REQ8$PRES8$EABIv2 0x00000000   Number         0  anon$$obj.o ABSOLUTE
    __ARM_use_no_argv                        0x00000000   Number         0  main.o ABSOLUTE
    __use_no_errno                           0x00000000   Number         0  useno.o ABSOLUTE
    __use_no_exception_handling              0x00000000   Number         0  useno.o ABSOLUTE
    __use_no_fp                              0x00000000   Number         0  useno.o ABSOLUTE
    __use_no_heap                            0x00000000   Number         0  useno.o ABSOLUTE
    __use_no_heap_region                     0x00000000   Number         0  useno.o ABSOLUTE
    __use_no_semihosting                     0x00000000   Number         0  useno.o ABSOLUTE
    __use_no_semihosting_swi                 0x00000000   Number         0  useno.o ABSOLUTE
    __use_no_signal_handling                 0x00000000   Number         0  useno.o ABSOLUTE
    _printf_a                                0x00000000   Number         0  stubs.o ABSOLUTE
    _printf_c                                0x00000000   Number         0  stubs.o ABSOLUTE
    _printf_charcount                        0x00000000   Number         0  stubs.o ABSOLUTE
    _printf_d                                0x00000000   Number         0  stubs.o ABSOLUTE
    _printf_e                                0x00000000   Number         0  stubs.o ABSOLUTE
    _printf_f                                0x00000000   Number         0  stubs.o ABSOLUTE
    _printf_flags                            0x00000000   Number         0  stubs.o ABSOLUTE
    _printf_fp_dec                           0x00000000   Number         0  stubs.o ABSOLUTE
    _printf_fp_hex                           0x00000000   Number         0  stubs.o ABSOLUTE
    _printf_g                                0x00000000   Number         0  stubs.o ABSOLUTE
    _printf_i                                0x00000000   Number         0  stubs.o ABSOLUTE
    _printf_int_dec                          0x00000000   Number         0  stubs.o ABSOLUTE
    _printf_l                                0x00000000   Number         0  stubs.o ABSOLUTE
    _printf_lc                               0x00000000   Number         0  stubs.o ABSOLUTE
    _printf_ll                               0x00000000   Number         0  stubs.o ABSOLUTE
    _printf_lld                              0x00000000   Number         0  stubs.o ABSOLUTE
    _printf_lli                              0x00000000   Number         0  stubs.o ABSOLUTE
    _printf_llo                              0x00000000   Number         0  stubs.o ABSOLUTE
    _printf_llu                              0x00000000   Number         0  stubs.o ABSOLUTE
    _printf_llx                              0x00000000   Number         0  stubs.o ABSOLUTE
    _printf_longlong_dec                     0x00000000   Number         0  stubs.o ABSOLUTE
    _printf_longlong_hex                     0x00000000   Number         0  stubs.o ABSOLUTE
    _printf_longlong_oct                     0x00000000   Number         0  stubs.o ABSOLUTE
    _printf_ls                               0x00000000   Number         0  stubs.o ABSOLUTE
    _printf_mbtowc                           0x00000000   Number         0  stubs.o ABSOLUTE
    _printf_n                                0x00000000   Number         0  stubs.o ABSOLUTE
    _printf_o                                0x00000000   Number         0  stubs.o ABSOLUTE
    _printf_p                                0x00000000   Number         0  stubs.o ABSOLUTE
    _printf_percent                          0x00000000   Number         0  stubs.o ABSOLUTE
    _printf_pre_padding                      0x00000000   Number         0  stubs.o ABSOLUTE
    _printf_return_value                     0x00000000   Number         0  stubs.o ABSOLUTE
    _printf_s                                0x00000000   Number         0  stubs.o ABSOLUTE
    _printf_sizespec                         0x00000000   Number         0  stubs.o ABSOLUTE
    _printf_str                              0x00000000   Number         0  stubs.o ABSOLUTE
    _printf_truncate_signed                  0x00000000   Number         0  stubs.o ABSOLUTE
    _printf_truncate_unsigned                0x00000000   Number         0  stubs.o ABSOLUTE
    _printf_u                                0x00000000   Number         0  stubs.o ABSOLUTE
    _printf_wc                               0x00000000   Number         0  stubs.o ABSOLUTE
    _printf_wctomb                           0x00000000   Number         0  stubs.o ABSOLUTE
    _printf_widthprec                        0x00000000   Number         0  stubs.o ABSOLUTE
    _printf_x                                0x00000000   Number         0  stubs.o ABSOLUTE
    __cpp_initialize__aeabi_                  - Undefined Weak Reference
    __cxa_finalize                            - Undefined Weak Reference
    __decompress                              - Undefined Weak Reference
    _clock_init                               - Undefined Weak Reference
    _microlib_exit                            - Undefined Weak Reference
    __Vectors_Size                           0x000000ec   Number         0  startup_stm32f10x_md.o ABSOLUTE
    __Vectors                                0x08000000   Data           4  startup_stm32f10x_md.o(RESET)
    __Vectors_End                            0x080000ec   Data           0  startup_stm32f10x_md.o(RESET)
    __main                                   0x080000ed   Thumb Code     0  entry.o(.ARM.Collect$$$$00000000)
    _main_stk                                0x080000ed   Thumb Code     0  entry2.o(.ARM.Collect$$$$00000001)
    _main_scatterload                        0x080000f1   Thumb Code     0  entry5.o(.ARM.Collect$$$$00000004)
    __main_after_scatterload                 0x080000f5   Thumb Code     0  entry5.o(.ARM.Collect$$$$00000004)
    _main_clock                              0x080000f5   Thumb Code     0  entry7b.o(.ARM.Collect$$$$00000008)
    _main_cpp_init                           0x080000f5   Thumb Code     0  entry8b.o(.ARM.Collect$$$$0000000A)
    _main_init                               0x080000f5   Thumb Code     0  entry9a.o(.ARM.Collect$$$$0000000B)
    __rt_final_cpp                           0x080000fd   Thumb Code     0  entry10a.o(.ARM.Collect$$$$0000000D)
    __rt_final_exit                          0x080000fd   Thumb Code     0  entry11a.o(.ARM.Collect$$$$0000000F)
    usart1Printf                             0x08000113   Thumb Code    82  main.o(.text)
    spear_rtt_send_datas                     0x08000165   Thumb Code    46  main.o(.text)
    spear_uart_send_data                     0x08000193   Thumb Code    28  main.o(.text)
    spear_uart_send_datas                    0x080001af   Thumb Code    44  main.o(.text)
    UartSendString                           0x080001db   Thumb Code    38  main.o(.text)
    Process_InputData                        0x08000201   Thumb Code    16  main.o(.text)
    HCHO_Test                                0x08000211   Thumb Code    14  main.o(.text)
    ComputXor                                0x0800021f   Thumb Code    26  main.o(.text)
    data_parse                               0x08000239   Thumb Code  1124  main.o(.text)
    key_fun                                  0x080006bd   Thumb Code   212  main.o(.text)
    main                                     0x08000791   Thumb Code   510  main.o(.text)
    NMI_Handler                              0x08000af9   Thumb Code     2  stm32f10x_it.o(.text)
    HardFault_Handler                        0x08000afb   Thumb Code     4  stm32f10x_it.o(.text)
    MemManage_Handler                        0x08000aff   Thumb Code     4  stm32f10x_it.o(.text)
    BusFault_Handler                         0x08000b03   Thumb Code     4  stm32f10x_it.o(.text)
    UsageFault_Handler                       0x08000b07   Thumb Code     4  stm32f10x_it.o(.text)
    SVC_Handler                              0x08000b0b   Thumb Code     2  stm32f10x_it.o(.text)
    DebugMon_Handler                         0x08000b0d   Thumb Code     2  stm32f10x_it.o(.text)
    PendSV_Handler                           0x08000b0f   Thumb Code     2  stm32f10x_it.o(.text)
    SysTick_Handler                          0x08000b11   Thumb Code     2  stm32f10x_it.o(.text)
    SystemInit                               0x08000bf3   Thumb Code    78  system_stm32f10x.o(.text)
    SystemCoreClockUpdate                    0x08000c41   Thumb Code   142  system_stm32f10x.o(.text)
    LED_Init                                 0x08000d07   Thumb Code   132  led.o(.text)
    TIM4_Set                                 0x08000d8b   Thumb Code    34  led.o(.text)
    TIM4_Int_Init                            0x08000dad   Thumb Code    96  led.o(.text)
    TIM4_IRQHandler                          0x08000e0d   Thumb Code   190  led.o(.text)
    TIM3_Set                                 0x08000f33   Thumb Code    34  timer.o(.text)
    TIM3_Int_Init                            0x08000f55   Thumb Code    98  timer.o(.text)
    TIM3_IRQHandler                          0x08000fb7   Thumb Code    44  timer.o(.text)
    KEY_Init                                 0x0800100d   Thumb Code    60  key.o(.text)
    KEY_Scan                                 0x08001049   Thumb Code   110  key.o(.text)
    KEY_close_Scan                           0x080010b7   Thumb Code    66  key.o(.text)
    KEY_open_Scan                            0x080010f9   Thumb Code    74  key.o(.text)
    KEY_Init1                                0x08001143   Thumb Code   212  key.o(.text)
    KEY_DeInit                               0x08001217   Thumb Code   162  key.o(.text)
    KEY_GetStatus                            0x080012b9   Thumb Code    22  key.o(.text)
    KEY_SetPressCallback                     0x080012cf   Thumb Code     8  key.o(.text)
    TIM2_IRQHandler                          0x080012d7   Thumb Code   238  key.o(.text)
    EXTIX_Init                               0x08001417   Thumb Code    16  exti.o(.text)
    EXTI2_IRQHandler                         0x08001427   Thumb Code    72  exti.o(.text)
    delay_init                               0x080014e9   Thumb Code    50  delay.o(.text)
    delay_us                                 0x0800151b   Thumb Code    72  delay.o(.text)
    delay_ms                                 0x08001563   Thumb Code    72  delay.o(.text)
    _sys_exit                                0x080015bd   Thumb Code     6  usart.o(.text)
    Usart_SendByte                           0x080015c3   Thumb Code    30  usart.o(.text)
    Usart_SendArray                          0x080015e1   Thumb Code    48  usart.o(.text)
    Usart_SendString                         0x08001611   Thumb Code    42  usart.o(.text)
    Usart_SendHalfWord                       0x0800163b   Thumb Code    60  usart.o(.text)
    fputc                                    0x08001677   Thumb Code    32  usart.o(.text)
    fgetc                                    0x08001697   Thumb Code    26  usart.o(.text)
    uart_init                                0x080016b1   Thumb Code   154  usart.o(.text)
    SdkEvalComIOConfig                       0x0800174b   Thumb Code   160  usart.o(.text)
    SdkEvalComIOReceiveData                  0x080017eb   Thumb Code    24  usart.o(.text)
    USART1_IRQHandler                        0x08001803   Thumb Code   248  usart.o(.text)
    Reset_Handler                            0x08001985   Thumb Code     8  startup_stm32f10x_md.o(.text)
    ADC1_2_IRQHandler                        0x0800199f   Thumb Code     0  startup_stm32f10x_md.o(.text)
    CAN1_RX1_IRQHandler                      0x0800199f   Thumb Code     0  startup_stm32f10x_md.o(.text)
    CAN1_SCE_IRQHandler                      0x0800199f   Thumb Code     0  startup_stm32f10x_md.o(.text)
    DMA1_Channel1_IRQHandler                 0x0800199f   Thumb Code     0  startup_stm32f10x_md.o(.text)
    DMA1_Channel2_IRQHandler                 0x0800199f   Thumb Code     0  startup_stm32f10x_md.o(.text)
    DMA1_Channel3_IRQHandler                 0x0800199f   Thumb Code     0  startup_stm32f10x_md.o(.text)
    DMA1_Channel4_IRQHandler                 0x0800199f   Thumb Code     0  startup_stm32f10x_md.o(.text)
    DMA1_Channel5_IRQHandler                 0x0800199f   Thumb Code     0  startup_stm32f10x_md.o(.text)
    DMA1_Channel6_IRQHandler                 0x0800199f   Thumb Code     0  startup_stm32f10x_md.o(.text)
    DMA1_Channel7_IRQHandler                 0x0800199f   Thumb Code     0  startup_stm32f10x_md.o(.text)
    EXTI0_IRQHandler                         0x0800199f   Thumb Code     0  startup_stm32f10x_md.o(.text)
    EXTI15_10_IRQHandler                     0x0800199f   Thumb Code     0  startup_stm32f10x_md.o(.text)
    EXTI1_IRQHandler                         0x0800199f   Thumb Code     0  startup_stm32f10x_md.o(.text)
    EXTI3_IRQHandler                         0x0800199f   Thumb Code     0  startup_stm32f10x_md.o(.text)
    EXTI4_IRQHandler                         0x0800199f   Thumb Code     0  startup_stm32f10x_md.o(.text)
    EXTI9_5_IRQHandler                       0x0800199f   Thumb Code     0  startup_stm32f10x_md.o(.text)
    FLASH_IRQHandler                         0x0800199f   Thumb Code     0  startup_stm32f10x_md.o(.text)
    I2C1_ER_IRQHandler                       0x0800199f   Thumb Code     0  startup_stm32f10x_md.o(.text)
    I2C1_EV_IRQHandler                       0x0800199f   Thumb Code     0  startup_stm32f10x_md.o(.text)
    I2C2_ER_IRQHandler                       0x0800199f   Thumb Code     0  startup_stm32f10x_md.o(.text)
    I2C2_EV_IRQHandler                       0x0800199f   Thumb Code     0  startup_stm32f10x_md.o(.text)
    PVD_IRQHandler                           0x0800199f   Thumb Code     0  startup_stm32f10x_md.o(.text)
    RCC_IRQHandler                           0x0800199f   Thumb Code     0  startup_stm32f10x_md.o(.text)
    RTCAlarm_IRQHandler                      0x0800199f   Thumb Code     0  startup_stm32f10x_md.o(.text)
    RTC_IRQHandler                           0x0800199f   Thumb Code     0  startup_stm32f10x_md.o(.text)
    SPI1_IRQHandler                          0x0800199f   Thumb Code     0  startup_stm32f10x_md.o(.text)
    SPI2_IRQHandler                          0x0800199f   Thumb Code     0  startup_stm32f10x_md.o(.text)
    TAMPER_IRQHandler                        0x0800199f   Thumb Code     0  startup_stm32f10x_md.o(.text)
    TIM1_BRK_IRQHandler                      0x0800199f   Thumb Code     0  startup_stm32f10x_md.o(.text)
    TIM1_CC_IRQHandler                       0x0800199f   Thumb Code     0  startup_stm32f10x_md.o(.text)
    TIM1_TRG_COM_IRQHandler                  0x0800199f   Thumb Code     0  startup_stm32f10x_md.o(.text)
    TIM1_UP_IRQHandler                       0x0800199f   Thumb Code     0  startup_stm32f10x_md.o(.text)
    USART2_IRQHandler                        0x0800199f   Thumb Code     0  startup_stm32f10x_md.o(.text)
    USART3_IRQHandler                        0x0800199f   Thumb Code     0  startup_stm32f10x_md.o(.text)
    USBWakeUp_IRQHandler                     0x0800199f   Thumb Code     0  startup_stm32f10x_md.o(.text)
    USB_HP_CAN1_TX_IRQHandler                0x0800199f   Thumb Code     0  startup_stm32f10x_md.o(.text)
    USB_LP_CAN1_RX0_IRQHandler               0x0800199f   Thumb Code     0  startup_stm32f10x_md.o(.text)
    WWDG_IRQHandler                          0x0800199f   Thumb Code     0  startup_stm32f10x_md.o(.text)
    GPIO_DeInit                              0x080019a9   Thumb Code   172  stm32f10x_gpio.o(.text)
    GPIO_AFIODeInit                          0x08001a55   Thumb Code    20  stm32f10x_gpio.o(.text)
    GPIO_Init                                0x08001a69   Thumb Code   278  stm32f10x_gpio.o(.text)
    GPIO_StructInit                          0x08001b7f   Thumb Code    16  stm32f10x_gpio.o(.text)
    GPIO_ReadInputDataBit                    0x08001b8f   Thumb Code    18  stm32f10x_gpio.o(.text)
    GPIO_ReadInputData                       0x08001ba1   Thumb Code     8  stm32f10x_gpio.o(.text)
    GPIO_ReadOutputDataBit                   0x08001ba9   Thumb Code    18  stm32f10x_gpio.o(.text)
    GPIO_ReadOutputData                      0x08001bbb   Thumb Code     8  stm32f10x_gpio.o(.text)
    GPIO_SetBits                             0x08001bc3   Thumb Code     4  stm32f10x_gpio.o(.text)
    GPIO_ResetBits                           0x08001bc7   Thumb Code     4  stm32f10x_gpio.o(.text)
    GPIO_WriteBit                            0x08001bcb   Thumb Code    10  stm32f10x_gpio.o(.text)
    GPIO_Write                               0x08001bd5   Thumb Code     4  stm32f10x_gpio.o(.text)
    GPIO_PinLockConfig                       0x08001bd9   Thumb Code    18  stm32f10x_gpio.o(.text)
    GPIO_EventOutputConfig                   0x08001beb   Thumb Code    26  stm32f10x_gpio.o(.text)
    GPIO_EventOutputCmd                      0x08001c05   Thumb Code     6  stm32f10x_gpio.o(.text)
    GPIO_PinRemapConfig                      0x08001c0b   Thumb Code   138  stm32f10x_gpio.o(.text)
    GPIO_EXTILineConfig                      0x08001c95   Thumb Code    66  stm32f10x_gpio.o(.text)
    GPIO_ETH_MediaInterfaceConfig            0x08001cd7   Thumb Code     8  stm32f10x_gpio.o(.text)
    RCC_DeInit                               0x08001d05   Thumb Code    64  stm32f10x_rcc.o(.text)
    RCC_HSEConfig                            0x08001d45   Thumb Code    70  stm32f10x_rcc.o(.text)
    RCC_GetFlagStatus                        0x08001d8b   Thumb Code    56  stm32f10x_rcc.o(.text)
    RCC_WaitForHSEStartUp                    0x08001dc3   Thumb Code    56  stm32f10x_rcc.o(.text)
    RCC_AdjustHSICalibrationValue            0x08001dfb   Thumb Code    20  stm32f10x_rcc.o(.text)
    RCC_HSICmd                               0x08001e0f   Thumb Code     6  stm32f10x_rcc.o(.text)
    RCC_PLLConfig                            0x08001e15   Thumb Code    24  stm32f10x_rcc.o(.text)
    RCC_PLLCmd                               0x08001e2d   Thumb Code     6  stm32f10x_rcc.o(.text)
    RCC_SYSCLKConfig                         0x08001e33   Thumb Code    18  stm32f10x_rcc.o(.text)
    RCC_GetSYSCLKSource                      0x08001e45   Thumb Code    10  stm32f10x_rcc.o(.text)
    RCC_HCLKConfig                           0x08001e4f   Thumb Code    18  stm32f10x_rcc.o(.text)
    RCC_PCLK1Config                          0x08001e61   Thumb Code    18  stm32f10x_rcc.o(.text)
    RCC_PCLK2Config                          0x08001e73   Thumb Code    20  stm32f10x_rcc.o(.text)
    RCC_ITConfig                             0x08001e87   Thumb Code    26  stm32f10x_rcc.o(.text)
    RCC_USBCLKConfig                         0x08001ea1   Thumb Code     8  stm32f10x_rcc.o(.text)
    RCC_ADCCLKConfig                         0x08001ea9   Thumb Code    18  stm32f10x_rcc.o(.text)
    RCC_LSEConfig                            0x08001ebb   Thumb Code    50  stm32f10x_rcc.o(.text)
    RCC_LSICmd                               0x08001eed   Thumb Code     6  stm32f10x_rcc.o(.text)
    RCC_RTCCLKConfig                         0x08001ef3   Thumb Code    12  stm32f10x_rcc.o(.text)
    RCC_RTCCLKCmd                            0x08001eff   Thumb Code     8  stm32f10x_rcc.o(.text)
    RCC_GetClocksFreq                        0x08001f07   Thumb Code   192  stm32f10x_rcc.o(.text)
    RCC_AHBPeriphClockCmd                    0x08001fc7   Thumb Code    26  stm32f10x_rcc.o(.text)
    RCC_APB2PeriphClockCmd                   0x08001fe1   Thumb Code    26  stm32f10x_rcc.o(.text)
    RCC_APB1PeriphClockCmd                   0x08001ffb   Thumb Code    26  stm32f10x_rcc.o(.text)
    RCC_APB2PeriphResetCmd                   0x08002015   Thumb Code    26  stm32f10x_rcc.o(.text)
    RCC_APB1PeriphResetCmd                   0x0800202f   Thumb Code    26  stm32f10x_rcc.o(.text)
    RCC_BackupResetCmd                       0x08002049   Thumb Code     8  stm32f10x_rcc.o(.text)
    RCC_ClockSecuritySystemCmd               0x08002051   Thumb Code     6  stm32f10x_rcc.o(.text)
    RCC_MCOConfig                            0x08002057   Thumb Code     6  stm32f10x_rcc.o(.text)
    RCC_ClearFlag                            0x0800205d   Thumb Code    14  stm32f10x_rcc.o(.text)
    RCC_GetITStatus                          0x0800206b   Thumb Code    20  stm32f10x_rcc.o(.text)
    RCC_ClearITPendingBit                    0x0800207f   Thumb Code     6  stm32f10x_rcc.o(.text)
    USART_DeInit                             0x080020a9   Thumb Code   134  stm32f10x_usart.o(.text)
    USART_Init                               0x0800212f   Thumb Code   210  stm32f10x_usart.o(.text)
    USART_StructInit                         0x08002201   Thumb Code    24  stm32f10x_usart.o(.text)
    USART_ClockInit                          0x08002219   Thumb Code    34  stm32f10x_usart.o(.text)
    USART_ClockStructInit                    0x0800223b   Thumb Code    12  stm32f10x_usart.o(.text)
    USART_Cmd                                0x08002247   Thumb Code    24  stm32f10x_usart.o(.text)
    USART_ITConfig                           0x0800225f   Thumb Code    74  stm32f10x_usart.o(.text)
    USART_DMACmd                             0x080022a9   Thumb Code    18  stm32f10x_usart.o(.text)
    USART_SetAddress                         0x080022bb   Thumb Code    18  stm32f10x_usart.o(.text)
    USART_WakeUpConfig                       0x080022cd   Thumb Code    18  stm32f10x_usart.o(.text)
    USART_ReceiverWakeUpCmd                  0x080022df   Thumb Code    24  stm32f10x_usart.o(.text)
    USART_LINBreakDetectLengthConfig         0x080022f7   Thumb Code    18  stm32f10x_usart.o(.text)
    USART_LINCmd                             0x08002309   Thumb Code    24  stm32f10x_usart.o(.text)
    USART_SendData                           0x08002321   Thumb Code     8  stm32f10x_usart.o(.text)
    USART_ReceiveData                        0x08002329   Thumb Code    10  stm32f10x_usart.o(.text)
    USART_SendBreak                          0x08002333   Thumb Code    10  stm32f10x_usart.o(.text)
    USART_SetGuardTime                       0x0800233d   Thumb Code    16  stm32f10x_usart.o(.text)
    USART_SetPrescaler                       0x0800234d   Thumb Code    16  stm32f10x_usart.o(.text)
    USART_SmartCardCmd                       0x0800235d   Thumb Code    24  stm32f10x_usart.o(.text)
    USART_SmartCardNACKCmd                   0x08002375   Thumb Code    24  stm32f10x_usart.o(.text)
    USART_HalfDuplexCmd                      0x0800238d   Thumb Code    24  stm32f10x_usart.o(.text)
    USART_OverSampling8Cmd                   0x080023a5   Thumb Code    22  stm32f10x_usart.o(.text)
    USART_OneBitMethodCmd                    0x080023bb   Thumb Code    24  stm32f10x_usart.o(.text)
    USART_IrDAConfig                         0x080023d3   Thumb Code    18  stm32f10x_usart.o(.text)
    USART_IrDACmd                            0x080023e5   Thumb Code    24  stm32f10x_usart.o(.text)
    USART_GetFlagStatus                      0x080023fd   Thumb Code    26  stm32f10x_usart.o(.text)
    USART_ClearFlag                          0x08002417   Thumb Code    18  stm32f10x_usart.o(.text)
    USART_GetITStatus                        0x08002429   Thumb Code    84  stm32f10x_usart.o(.text)
    USART_ClearITPendingBit                  0x0800247d   Thumb Code    52  stm32f10x_usart.o(.text)
    NVIC_PriorityGroupConfig                 0x080024b1   Thumb Code    10  misc.o(.text)
    NVIC_Init                                0x080024bb   Thumb Code   100  misc.o(.text)
    NVIC_SetVectorTable                      0x0800251f   Thumb Code    14  misc.o(.text)
    NVIC_SystemLPConfig                      0x0800252d   Thumb Code    34  misc.o(.text)
    SysTick_CLKSourceConfig                  0x0800254f   Thumb Code    40  misc.o(.text)
    TIM_DeInit                               0x0800258d   Thumb Code   424  stm32f10x_tim.o(.text)
    TIM_TimeBaseInit                         0x08002735   Thumb Code   122  stm32f10x_tim.o(.text)
    TIM_OC1Init                              0x080027af   Thumb Code   132  stm32f10x_tim.o(.text)
    TIM_OC2Init                              0x08002833   Thumb Code   154  stm32f10x_tim.o(.text)
    TIM_OC3Init                              0x080028cd   Thumb Code   150  stm32f10x_tim.o(.text)
    TIM_OC4Init                              0x08002963   Thumb Code   182  stm32f10x_tim.o(.text)
    TIM_SetIC4Prescaler                      0x08002a19   Thumb Code    26  stm32f10x_tim.o(.text)
    TIM_SetIC3Prescaler                      0x08002ab5   Thumb Code    18  stm32f10x_tim.o(.text)
    TIM_SetIC2Prescaler                      0x08002b41   Thumb Code    26  stm32f10x_tim.o(.text)
    TIM_SetIC1Prescaler                      0x08002bdd   Thumb Code    18  stm32f10x_tim.o(.text)
    TIM_ICInit                               0x08002c5b   Thumb Code   150  stm32f10x_tim.o(.text)
    TIM_PWMIConfig                           0x08002cf1   Thumb Code   124  stm32f10x_tim.o(.text)
    TIM_BDTRConfig                           0x08002d6d   Thumb Code    32  stm32f10x_tim.o(.text)
    TIM_TimeBaseStructInit                   0x08002d8d   Thumb Code    18  stm32f10x_tim.o(.text)
    TIM_OCStructInit                         0x08002d9f   Thumb Code    20  stm32f10x_tim.o(.text)
    TIM_ICStructInit                         0x08002db3   Thumb Code    18  stm32f10x_tim.o(.text)
    TIM_BDTRStructInit                       0x08002dc5   Thumb Code    40  stm32f10x_tim.o(.text)
    TIM_Cmd                                  0x08002ded   Thumb Code    24  stm32f10x_tim.o(.text)
    TIM_CtrlPWMOutputs                       0x08002e05   Thumb Code    30  stm32f10x_tim.o(.text)
    TIM_ITConfig                             0x08002e23   Thumb Code    18  stm32f10x_tim.o(.text)
    TIM_GenerateEvent                        0x08002e35   Thumb Code     4  stm32f10x_tim.o(.text)
    TIM_DMAConfig                            0x08002e39   Thumb Code    10  stm32f10x_tim.o(.text)
    TIM_DMACmd                               0x08002e43   Thumb Code    18  stm32f10x_tim.o(.text)
    TIM_InternalClockConfig                  0x08002e55   Thumb Code    12  stm32f10x_tim.o(.text)
    TIM_SelectInputTrigger                   0x08002e61   Thumb Code    18  stm32f10x_tim.o(.text)
    TIM_ITRxExternalClockConfig              0x08002e73   Thumb Code    24  stm32f10x_tim.o(.text)
    TIM_TIxExternalClockConfig               0x08002e8b   Thumb Code    62  stm32f10x_tim.o(.text)
    TIM_ETRConfig                            0x08002ec9   Thumb Code    28  stm32f10x_tim.o(.text)
    TIM_ETRClockMode1Config                  0x08002ee5   Thumb Code    54  stm32f10x_tim.o(.text)
    TIM_ETRClockMode2Config                  0x08002f1b   Thumb Code    32  stm32f10x_tim.o(.text)
    TIM_PrescalerConfig                      0x08002f3b   Thumb Code     6  stm32f10x_tim.o(.text)
    TIM_CounterModeConfig                    0x08002f41   Thumb Code    18  stm32f10x_tim.o(.text)
    TIM_EncoderInterfaceConfig               0x08002f53   Thumb Code    66  stm32f10x_tim.o(.text)
    TIM_ForcedOC1Config                      0x08002f95   Thumb Code    18  stm32f10x_tim.o(.text)
    TIM_ForcedOC2Config                      0x08002fa7   Thumb Code    26  stm32f10x_tim.o(.text)
    TIM_ForcedOC3Config                      0x08002fc1   Thumb Code    18  stm32f10x_tim.o(.text)
    TIM_ForcedOC4Config                      0x08002fd3   Thumb Code    26  stm32f10x_tim.o(.text)
    TIM_ARRPreloadConfig                     0x08002fed   Thumb Code    24  stm32f10x_tim.o(.text)
    TIM_SelectCOM                            0x08003005   Thumb Code    24  stm32f10x_tim.o(.text)
    TIM_SelectCCDMA                          0x0800301d   Thumb Code    24  stm32f10x_tim.o(.text)
    TIM_CCPreloadControl                     0x08003035   Thumb Code    24  stm32f10x_tim.o(.text)
    TIM_OC1PreloadConfig                     0x0800304d   Thumb Code    18  stm32f10x_tim.o(.text)
    TIM_OC2PreloadConfig                     0x0800305f   Thumb Code    26  stm32f10x_tim.o(.text)
    TIM_OC3PreloadConfig                     0x08003079   Thumb Code    18  stm32f10x_tim.o(.text)
    TIM_OC4PreloadConfig                     0x0800308b   Thumb Code    26  stm32f10x_tim.o(.text)
    TIM_OC1FastConfig                        0x080030a5   Thumb Code    18  stm32f10x_tim.o(.text)
    TIM_OC2FastConfig                        0x080030b7   Thumb Code    26  stm32f10x_tim.o(.text)
    TIM_OC3FastConfig                        0x080030d1   Thumb Code    18  stm32f10x_tim.o(.text)
    TIM_OC4FastConfig                        0x080030e3   Thumb Code    26  stm32f10x_tim.o(.text)
    TIM_ClearOC1Ref                          0x080030fd   Thumb Code    18  stm32f10x_tim.o(.text)
    TIM_ClearOC2Ref                          0x0800310f   Thumb Code    24  stm32f10x_tim.o(.text)
    TIM_ClearOC3Ref                          0x08003127   Thumb Code    18  stm32f10x_tim.o(.text)
    TIM_ClearOC4Ref                          0x08003139   Thumb Code    24  stm32f10x_tim.o(.text)
    TIM_OC1PolarityConfig                    0x08003151   Thumb Code    18  stm32f10x_tim.o(.text)
    TIM_OC1NPolarityConfig                   0x08003163   Thumb Code    18  stm32f10x_tim.o(.text)
    TIM_OC2PolarityConfig                    0x08003175   Thumb Code    26  stm32f10x_tim.o(.text)
    TIM_OC2NPolarityConfig                   0x0800318f   Thumb Code    26  stm32f10x_tim.o(.text)
    TIM_OC3PolarityConfig                    0x080031a9   Thumb Code    26  stm32f10x_tim.o(.text)
    TIM_OC3NPolarityConfig                   0x080031c3   Thumb Code    26  stm32f10x_tim.o(.text)
    TIM_OC4PolarityConfig                    0x080031dd   Thumb Code    26  stm32f10x_tim.o(.text)
    TIM_CCxCmd                               0x080031f7   Thumb Code    30  stm32f10x_tim.o(.text)
    TIM_CCxNCmd                              0x08003215   Thumb Code    30  stm32f10x_tim.o(.text)
    TIM_SelectOCxM                           0x08003233   Thumb Code    82  stm32f10x_tim.o(.text)
    TIM_UpdateDisableConfig                  0x08003285   Thumb Code    24  stm32f10x_tim.o(.text)
    TIM_UpdateRequestConfig                  0x0800329d   Thumb Code    24  stm32f10x_tim.o(.text)
    TIM_SelectHallSensor                     0x080032b5   Thumb Code    24  stm32f10x_tim.o(.text)
    TIM_SelectOnePulseMode                   0x080032cd   Thumb Code    18  stm32f10x_tim.o(.text)
    TIM_SelectOutputTrigger                  0x080032df   Thumb Code    18  stm32f10x_tim.o(.text)
    TIM_SelectSlaveMode                      0x080032f1   Thumb Code    18  stm32f10x_tim.o(.text)
    TIM_SelectMasterSlaveMode                0x08003303   Thumb Code    18  stm32f10x_tim.o(.text)
    TIM_SetCounter                           0x08003315   Thumb Code     4  stm32f10x_tim.o(.text)
    TIM_SetAutoreload                        0x08003319   Thumb Code     4  stm32f10x_tim.o(.text)
    TIM_SetCompare1                          0x0800331d   Thumb Code     4  stm32f10x_tim.o(.text)
    TIM_SetCompare2                          0x08003321   Thumb Code     4  stm32f10x_tim.o(.text)
    TIM_SetCompare3                          0x08003325   Thumb Code     4  stm32f10x_tim.o(.text)
    TIM_SetCompare4                          0x08003329   Thumb Code     6  stm32f10x_tim.o(.text)
    TIM_SetClockDivision                     0x0800332f   Thumb Code    18  stm32f10x_tim.o(.text)
    TIM_GetCapture1                          0x08003341   Thumb Code     6  stm32f10x_tim.o(.text)
    TIM_GetCapture2                          0x08003347   Thumb Code     6  stm32f10x_tim.o(.text)
    TIM_GetCapture3                          0x0800334d   Thumb Code     6  stm32f10x_tim.o(.text)
    TIM_GetCapture4                          0x08003353   Thumb Code     8  stm32f10x_tim.o(.text)
    TIM_GetCounter                           0x0800335b   Thumb Code     6  stm32f10x_tim.o(.text)
    TIM_GetPrescaler                         0x08003361   Thumb Code     6  stm32f10x_tim.o(.text)
    TIM_GetFlagStatus                        0x08003367   Thumb Code    18  stm32f10x_tim.o(.text)
    TIM_ClearFlag                            0x08003379   Thumb Code     6  stm32f10x_tim.o(.text)
    TIM_GetITStatus                          0x0800337f   Thumb Code    34  stm32f10x_tim.o(.text)
    TIM_ClearITPendingBit                    0x080033a1   Thumb Code     6  stm32f10x_tim.o(.text)
    EXTI_DeInit                              0x080033a9   Thumb Code    28  stm32f10x_exti.o(.text)
    EXTI_Init                                0x080033c5   Thumb Code   142  stm32f10x_exti.o(.text)
    EXTI_StructInit                          0x08003453   Thumb Code    16  stm32f10x_exti.o(.text)
    EXTI_GenerateSWInterrupt                 0x08003463   Thumb Code    16  stm32f10x_exti.o(.text)
    EXTI_GetFlagStatus                       0x08003473   Thumb Code    22  stm32f10x_exti.o(.text)
    EXTI_ClearFlag                           0x08003489   Thumb Code     8  stm32f10x_exti.o(.text)
    EXTI_GetITStatus                         0x08003491   Thumb Code    34  stm32f10x_exti.o(.text)
    EXTI_ClearITPendingBit                   0x080034b3   Thumb Code     8  stm32f10x_exti.o(.text)
    SEGGER_RTT_ReadNoLock                    0x08003609   Thumb Code   148  segger_rtt.o(.text)
    SEGGER_RTT_Read                          0x0800369d   Thumb Code    56  segger_rtt.o(.text)
    SEGGER_RTT_WriteWithOverwriteNoLock      0x080036d5   Thumb Code   168  segger_rtt.o(.text)
    SEGGER_RTT_WriteSkipNoLock               0x0800377d   Thumb Code   136  segger_rtt.o(.text)
    SEGGER_RTT_WriteNoLock                   0x08003805   Thumb Code   128  segger_rtt.o(.text)
    SEGGER_RTT_Write                         0x08003885   Thumb Code   110  segger_rtt.o(.text)
    SEGGER_RTT_WriteString                   0x080038f3   Thumb Code    26  segger_rtt.o(.text)
    SEGGER_RTT_PutCharSkipNoLock             0x0800390d   Thumb Code    50  segger_rtt.o(.text)
    SEGGER_RTT_PutCharSkip                   0x0800393f   Thumb Code   100  segger_rtt.o(.text)
    SEGGER_RTT_PutChar                       0x080039a3   Thumb Code   114  segger_rtt.o(.text)
    SEGGER_RTT_GetKey                        0x08003a15   Thumb Code    32  segger_rtt.o(.text)
    SEGGER_RTT_WaitKey                       0x08003a35   Thumb Code    14  segger_rtt.o(.text)
    SEGGER_RTT_HasKey                        0x08003a43   Thumb Code    40  segger_rtt.o(.text)
    SEGGER_RTT_HasData                       0x08003a6b   Thumb Code    24  segger_rtt.o(.text)
    SEGGER_RTT_HasDataUp                     0x08003a83   Thumb Code    22  segger_rtt.o(.text)
    SEGGER_RTT_AllocDownBuffer               0x08003a99   Thumb Code   194  segger_rtt.o(.text)
    SEGGER_RTT_AllocUpBuffer                 0x08003b5b   Thumb Code   182  segger_rtt.o(.text)
    SEGGER_RTT_ConfigUpBuffer                0x08003c11   Thumb Code   158  segger_rtt.o(.text)
    SEGGER_RTT_ConfigDownBuffer              0x08003caf   Thumb Code   170  segger_rtt.o(.text)
    SEGGER_RTT_SetNameUpBuffer               0x08003d59   Thumb Code    82  segger_rtt.o(.text)
    SEGGER_RTT_SetNameDownBuffer             0x08003dab   Thumb Code    80  segger_rtt.o(.text)
    SEGGER_RTT_SetFlagsUpBuffer              0x08003dfb   Thumb Code    84  segger_rtt.o(.text)
    SEGGER_RTT_SetFlagsDownBuffer            0x08003e4f   Thumb Code    82  segger_rtt.o(.text)
    SEGGER_RTT_Init                          0x08003ea1   Thumb Code     8  segger_rtt.o(.text)
    SEGGER_RTT_SetTerminal                   0x08003ea9   Thumb Code   144  segger_rtt.o(.text)
    SEGGER_RTT_TerminalOut                   0x08003f39   Thumb Code   248  segger_rtt.o(.text)
    SEGGER_RTT_vprintf                       0x08004253   Thumb Code   522  segger_rtt_printf.o(.text)
    SEGGER_RTT_printf                        0x0800445d   Thumb Code    34  segger_rtt_printf.o(.text)
    __aeabi_memcpy                           0x08004485   Thumb Code    36  memcpya.o(.text)
    __aeabi_memcpy4                          0x08004485   Thumb Code     0  memcpya.o(.text)
    __aeabi_memcpy8                          0x08004485   Thumb Code     0  memcpya.o(.text)
    __aeabi_memset                           0x080044a9   Thumb Code    14  memseta.o(.text)
    __aeabi_memset4                          0x080044a9   Thumb Code     0  memseta.o(.text)
    __aeabi_memset8                          0x080044a9   Thumb Code     0  memseta.o(.text)
    __aeabi_memclr                           0x080044b7   Thumb Code     4  memseta.o(.text)
    __aeabi_memclr4                          0x080044b7   Thumb Code     0  memseta.o(.text)
    __aeabi_memclr8                          0x080044b7   Thumb Code     0  memseta.o(.text)
    _memset$wrapper                          0x080044bb   Thumb Code    18  memseta.o(.text)
    strlen                                   0x080044cd   Thumb Code    14  strlen.o(.text)
    strcpy                                   0x080044db   Thumb Code    18  strcpy.o(.text)
    __aeabi_uidiv                            0x080044ed   Thumb Code     0  uidiv.o(.text)
    __aeabi_uidivmod                         0x080044ed   Thumb Code    44  uidiv.o(.text)
    __aeabi_uldivmod                         0x08004519   Thumb Code    98  uldiv.o(.text)
    __I$use$fp                               0x0800457b   Thumb Code     0  iusefp.o(.text)
    __aeabi_dadd                             0x0800457b   Thumb Code   322  dadd.o(.text)
    __aeabi_dsub                             0x080046bd   Thumb Code     6  dadd.o(.text)
    __aeabi_drsub                            0x080046c3   Thumb Code     6  dadd.o(.text)
    __aeabi_dmul                             0x080046c9   Thumb Code   228  dmul.o(.text)
    __aeabi_ddiv                             0x080047ad   Thumb Code   222  ddiv.o(.text)
    __aeabi_d2ulz                            0x0800488b   Thumb Code    48  dfixul.o(.text)
    __aeabi_cdrcmple                         0x080048bd   Thumb Code    48  cdrcmple.o(.text)
    __scatterload                            0x080048ed   Thumb Code    28  init.o(.text)
    __scatterload_rt2                        0x080048ed   Thumb Code     0  init.o(.text)
    __aeabi_llsl                             0x08004911   Thumb Code    30  llshl.o(.text)
    _ll_shift_l                              0x08004911   Thumb Code     0  llshl.o(.text)
    __aeabi_llsr                             0x0800492f   Thumb Code    32  llushr.o(.text)
    _ll_ushift_r                             0x0800492f   Thumb Code     0  llushr.o(.text)
    __aeabi_lasr                             0x0800494f   Thumb Code    36  llsshr.o(.text)
    _ll_sshift_r                             0x0800494f   Thumb Code     0  llsshr.o(.text)
    _double_round                            0x08004973   Thumb Code    30  depilogue.o(.text)
    _double_epilogue                         0x08004991   Thumb Code   156  depilogue.o(.text)
    __0printf$5                              0x08004a2d   Thumb Code    22  printf5.o(i.__0printf$5)
    __1printf$5                              0x08004a2d   Thumb Code     0  printf5.o(i.__0printf$5)
    __2printf                                0x08004a2d   Thumb Code     0  printf5.o(i.__0printf$5)
    __0vsnprintf                             0x08004a4d   Thumb Code    40  printfa.o(i.__0vsnprintf)
    __1vsnprintf                             0x08004a4d   Thumb Code     0  printfa.o(i.__0vsnprintf)
    __2vsnprintf                             0x08004a4d   Thumb Code     0  printfa.o(i.__0vsnprintf)
    __c89vsnprintf                           0x08004a4d   Thumb Code     0  printfa.o(i.__0vsnprintf)
    vsnprintf                                0x08004a4d   Thumb Code     0  printfa.o(i.__0vsnprintf)
    __scatterload_copy                       0x08004a79   Thumb Code    14  handlers.o(i.__scatterload_copy)
    __scatterload_null                       0x08004a87   Thumb Code     2  handlers.o(i.__scatterload_null)
    __scatterload_zeroinit                   0x08004a89   Thumb Code    14  handlers.o(i.__scatterload_zeroinit)
    Region$$Table$$Base                      0x08005674   Number         0  anon$$obj.o(Region$$Table)
    Region$$Table$$Limit                     0x08005694   Number         0  anon$$obj.o(Region$$Table)
    m_data                                   0x20000000   Data           5  main.o(.data)
    mode_nomal                               0x20000018   Data           1  main.o(.data)
    key2_flag                                0x20000019   Data           1  main.o(.data)
    key4_flag                                0x2000001a   Data           1  main.o(.data)
    key_mode                                 0x2000001b   Data           1  main.o(.data)
    SystemCoreClock                          0x2000001c   Data           4  system_stm32f10x.o(.data)
    AHBPrescTable                            0x20000020   Data          16  system_stm32f10x.o(.data)
    lock_channel                             0x20000030   Data           1  led.o(.data)
    key_Level                                0x20000034   Data           1  key.o(.data)
    __stdout                                 0x2000006c   Data           4  usart.o(.data)
    USART_RX_STA                             0x20000070   Data           2  usart.o(.data)
    usart1_recv_cb                           0x20000078   Data           4  usart.o(.data)
    Uart1_Rx                                 0x2000007c   Data           1  usart.o(.data)
    Uart1_Sta                                0x2000007d   Data           1  usart.o(.data)
    Uart1_index_flag                         0x2000007e   Data           1  usart.o(.data)
    Uart1_index_flag_end                     0x2000007f   Data           1  usart.o(.data)
    index_flag1                              0x20000080   Data           1  usart.o(.data)
    index_flag4                              0x20000081   Data           1  usart.o(.data)
    recstatu                                 0x20000082   Data           1  usart.o(.data)
    packerflag                               0x20000083   Data           1  usart.o(.data)
    USART_RX_BUF                             0x200000d0   Data         200  usart.o(.bss)
    Uart1_Buffer                             0x20000198   Data         256  usart.o(.bss)
    _SEGGER_RTT                              0x20000298   Data         168  segger_rtt.o(.bss)
    __initial_sp                             0x20000b50   Data           0  startup_stm32f10x_md.o(STACK)



==============================================================================

Memory Map of the image

  Image Entry point : 0x080000ed

  Load Region LR_IROM1 (Base: 0x08000000, Size: 0x00005740, Max: 0x00020000, ABSOLUTE)

    Execution Region ER_IROM1 (Exec base: 0x08000000, Load base: 0x08000000, Size: 0x00005694, Max: 0x00020000, ABSOLUTE)

    Exec Addr    Load Addr    Size         Type   Attr      Idx    E Section Name        Object

    0x08000000   0x08000000   0x000000ec   Data   RO          348    RESET               startup_stm32f10x_md.o
    0x080000ec   0x080000ec   0x00000000   Code   RO          466  * .ARM.Collect$$$$00000000  mc_w.l(entry.o)
    0x080000ec   0x080000ec   0x00000004   Code   RO          740    .ARM.Collect$$$$00000001  mc_w.l(entry2.o)
    0x080000f0   0x080000f0   0x00000004   Code   RO          743    .ARM.Collect$$$$00000004  mc_w.l(entry5.o)
    0x080000f4   0x080000f4   0x00000000   Code   RO          745    .ARM.Collect$$$$00000008  mc_w.l(entry7b.o)
    0x080000f4   0x080000f4   0x00000000   Code   RO          747    .ARM.Collect$$$$0000000A  mc_w.l(entry8b.o)
    0x080000f4   0x080000f4   0x00000008   Code   RO          748    .ARM.Collect$$$$0000000B  mc_w.l(entry9a.o)
    0x080000fc   0x080000fc   0x00000000   Code   RO          750    .ARM.Collect$$$$0000000D  mc_w.l(entry10a.o)
    0x080000fc   0x080000fc   0x00000000   Code   RO          752    .ARM.Collect$$$$0000000F  mc_w.l(entry11a.o)
    0x080000fc   0x080000fc   0x00000004   Code   RO          741    .ARM.Collect$$$$00002712  mc_w.l(entry2.o)
    0x08000100   0x08000100   0x000009f8   Code   RO            1    .text               main.o
    0x08000af8   0x08000af8   0x0000001a   Code   RO          151    .text               stm32f10x_it.o
    0x08000b12   0x08000b12   0x00000002   PAD
    0x08000b14   0x08000b14   0x000001e0   Code   RO          192    .text               system_stm32f10x.o
    0x08000cf4   0x08000cf4   0x0000022c   Code   RO          210    .text               led.o
    0x08000f20   0x08000f20   0x000000ec   Code   RO          232    .text               timer.o
    0x0800100c   0x0800100c   0x000003f8   Code   RO          244    .text               key.o
    0x08001404   0x08001404   0x000000e4   Code   RO          266    .text               exti.o
    0x080014e8   0x080014e8   0x000000d4   Code   RO          282    .text               delay.o
    0x080015bc   0x080015bc   0x000003c8   Code   RO          313    .text               usart.o
    0x08001984   0x08001984   0x00000024   Code   RO          349    .text               startup_stm32f10x_md.o
    0x080019a8   0x080019a8   0x0000035c   Code   RO          353    .text               stm32f10x_gpio.o
    0x08001d04   0x08001d04   0x000003a4   Code   RO          365    .text               stm32f10x_rcc.o
    0x080020a8   0x080020a8   0x00000408   Code   RO          379    .text               stm32f10x_usart.o
    0x080024b0   0x080024b0   0x000000dc   Code   RO          391    .text               misc.o
    0x0800258c   0x0800258c   0x00000e1a   Code   RO          403    .text               stm32f10x_tim.o
    0x080033a6   0x080033a6   0x00000002   PAD
    0x080033a8   0x080033a8   0x0000011c   Code   RO          415    .text               stm32f10x_exti.o
    0x080034c4   0x080034c4   0x00000b78   Code   RO          427    .text               segger_rtt.o
    0x0800403c   0x0800403c   0x00000448   Code   RO          449    .text               segger_rtt_printf.o
    0x08004484   0x08004484   0x00000024   Code   RO          469    .text               mc_w.l(memcpya.o)
    0x080044a8   0x080044a8   0x00000024   Code   RO          471    .text               mc_w.l(memseta.o)
    0x080044cc   0x080044cc   0x0000000e   Code   RO          473    .text               mc_w.l(strlen.o)
    0x080044da   0x080044da   0x00000012   Code   RO          475    .text               mc_w.l(strcpy.o)
    0x080044ec   0x080044ec   0x0000002c   Code   RO          754    .text               mc_w.l(uidiv.o)
    0x08004518   0x08004518   0x00000062   Code   RO          756    .text               mc_w.l(uldiv.o)
    0x0800457a   0x0800457a   0x00000000   Code   RO          758    .text               mc_w.l(iusefp.o)
    0x0800457a   0x0800457a   0x0000014e   Code   RO          759    .text               mf_w.l(dadd.o)
    0x080046c8   0x080046c8   0x000000e4   Code   RO          761    .text               mf_w.l(dmul.o)
    0x080047ac   0x080047ac   0x000000de   Code   RO          763    .text               mf_w.l(ddiv.o)
    0x0800488a   0x0800488a   0x00000030   Code   RO          765    .text               mf_w.l(dfixul.o)
    0x080048ba   0x080048ba   0x00000002   PAD
    0x080048bc   0x080048bc   0x00000030   Code   RO          767    .text               mf_w.l(cdrcmple.o)
    0x080048ec   0x080048ec   0x00000024   Code   RO          769    .text               mc_w.l(init.o)
    0x08004910   0x08004910   0x0000001e   Code   RO          771    .text               mc_w.l(llshl.o)
    0x0800492e   0x0800492e   0x00000020   Code   RO          773    .text               mc_w.l(llushr.o)
    0x0800494e   0x0800494e   0x00000024   Code   RO          775    .text               mc_w.l(llsshr.o)
    0x08004972   0x08004972   0x000000ba   Code   RO          777    .text               mf_w.l(depilogue.o)
    0x08004a2c   0x08004a2c   0x00000020   Code   RO          612    i.__0printf$5       mc_w.l(printf5.o)
    0x08004a4c   0x08004a4c   0x0000002c   Code   RO          717    i.__0vsnprintf      mc_w.l(printfa.o)
    0x08004a78   0x08004a78   0x0000000e   Code   RO          781    i.__scatterload_copy  mc_w.l(handlers.o)
    0x08004a86   0x08004a86   0x00000002   Code   RO          782    i.__scatterload_null  mc_w.l(handlers.o)
    0x08004a88   0x08004a88   0x0000000e   Code   RO          783    i.__scatterload_zeroinit  mc_w.l(handlers.o)
    0x08004a96   0x08004a96   0x00000002   PAD
    0x08004a98   0x08004a98   0x00000184   Code   RO          719    i._fp_digits        mc_w.l(printfa.o)
    0x08004c1c   0x08004c1c   0x000002c0   Code   RO          619    i._printf_core      mc_w.l(printf5.o)
    0x08004edc   0x08004edc   0x000006dc   Code   RO          720    i._printf_core      mc_w.l(printfa.o)
    0x080055b8   0x080055b8   0x00000024   Code   RO          721    i._printf_post_padding  mc_w.l(printfa.o)
    0x080055dc   0x080055dc   0x0000002e   Code   RO          722    i._printf_pre_padding  mc_w.l(printfa.o)
    0x0800560a   0x0800560a   0x00000016   Code   RO          723    i._snputc           mc_w.l(printfa.o)
    0x08005620   0x08005620   0x00000010   Data   RO          450    .constdata          segger_rtt_printf.o
    0x08005630   0x08005630   0x00000043   Data   RO            2    .conststring        main.o
    0x08005673   0x08005673   0x00000001   PAD
    0x08005674   0x08005674   0x00000020   Data   RO          779    Region$$Table       anon$$obj.o


    Execution Region RW_IRAM1 (Exec base: 0x20000000, Load base: 0x08005694, Size: 0x00000b50, Max: 0x00005000, ABSOLUTE)

    Exec Addr    Load Addr    Size         Type   Attr      Idx    E Section Name        Object

    0x20000000   0x08005694   0x0000001c   Data   RW            3    .data               main.o
    0x2000001c   0x080056b0   0x00000014   Data   RW          193    .data               system_stm32f10x.o
    0x20000030   0x080056c4   0x00000001   Data   RW          211    .data               led.o
    0x20000031   0x080056c5   0x00000003   PAD
    0x20000034   0x080056c8   0x00000033   Data   RW          246    .data               key.o
    0x20000067   0x080056fb   0x00000001   PAD
    0x20000068   0x080056fc   0x00000004   Data   RW          283    .data               delay.o
    0x2000006c   0x08005700   0x00000018   Data   RW          315    .data               usart.o
    0x20000084   0x08005718   0x00000014   Data   RW          366    .data               stm32f10x_rcc.o
    0x20000098   0x0800572c   0x00000011   Data   RW          429    .data               segger_rtt.o
    0x200000a9   0x0800573d   0x00000003   PAD
    0x200000ac        -       0x00000024   Zero   RW          245    .bss                key.o
    0x200000d0        -       0x000001c8   Zero   RW          314    .bss                usart.o
    0x20000298        -       0x000004b8   Zero   RW          428    .bss                segger_rtt.o
    0x20000750        -       0x00000400   Zero   RW          346    STACK               startup_stm32f10x_md.o


==============================================================================

Image component sizes


      Code (inc. data)   RO Data    RW Data    ZI Data      Debug   Object Name

       212         18          0          4          0       1007   delay.o
       228        122          0          0          0        798   exti.o
      1016         64          0         51         36       5081   key.o
       556         86          0          1          0       2124   led.o
      2552        620         67         28          0     260921   main.o
       220         22          0          0          0       1761   misc.o
      2936         58          0         17       1208      15928   segger_rtt.o
      1096          6         16          0          0       4135   segger_rtt_printf.o
        36          8        236          0       1024        836   startup_stm32f10x_md.o
       284         10          0          0          0       2219   stm32f10x_exti.o
       860         38          0          0          0       5697   stm32f10x_gpio.o
        26          0          0          0          0       1162   stm32f10x_it.o
       932         36          0         20          0       8860   stm32f10x_rcc.o
      3610         88          0          0          0      22804   stm32f10x_tim.o
      1032         22          0          0          0       8420   stm32f10x_usart.o
         0          0          0          0          0         32   sys.o
       480         38          0         20          0       1683   system_stm32f10x.o
       236         42          0          0          0       1105   timer.o
       968        138          0         24        456       6839   usart.o

    ----------------------------------------------------------------------
     17284       1416        352        172       2724     351412   Object Totals
         0          0         32          0          0          0   (incl. Generated)
         4          0          1          7          0          0   (incl. Padding)

    ----------------------------------------------------------------------

      Code (inc. data)   RO Data    RW Data    ZI Data      Debug   Library Member Name

         0          0          0          0          0          0   entry.o
         0          0          0          0          0          0   entry10a.o
         0          0          0          0          0          0   entry11a.o
         8          4          0          0          0          0   entry2.o
         4          0          0          0          0          0   entry5.o
         0          0          0          0          0          0   entry7b.o
         0          0          0          0          0          0   entry8b.o
         8          4          0          0          0          0   entry9a.o
        30          0          0          0          0          0   handlers.o
        36          8          0          0          0         68   init.o
         0          0          0          0          0          0   iusefp.o
        30          0          0          0          0         68   llshl.o
        36          0          0          0          0         68   llsshr.o
        32          0          0          0          0         68   llushr.o
        36          0          0          0          0         68   memcpya.o
        36          0          0          0          0        108   memseta.o
       736         56          0          0          0        184   printf5.o
      2292         84          0          0          0        516   printfa.o
        18          0          0          0          0         68   strcpy.o
        14          0          0          0          0         68   strlen.o
        44          0          0          0          0         80   uidiv.o
        98          0          0          0          0         92   uldiv.o
        48          0          0          0          0         68   cdrcmple.o
       334          0          0          0          0        148   dadd.o
       222          0          0          0          0        100   ddiv.o
       186          0          0          0          0        176   depilogue.o
        48          0          0          0          0         68   dfixul.o
       228          0          0          0          0         96   dmul.o

    ----------------------------------------------------------------------
      4528        156          0          0          0       2112   Library Totals
         4          0          0          0          0          0   (incl. Padding)

    ----------------------------------------------------------------------

      Code (inc. data)   RO Data    RW Data    ZI Data      Debug   Library Name

      3458        156          0          0          0       1456   mc_w.l
      1066          0          0          0          0        656   mf_w.l

    ----------------------------------------------------------------------
      4528        156          0          0          0       2112   Library Totals

    ----------------------------------------------------------------------

==============================================================================


      Code (inc. data)   RO Data    RW Data    ZI Data      Debug   

     21812       1572        352        172       2724     351180   Grand Totals
     21812       1572        352        172       2724     351180   ELF Image Totals
     21812       1572        352        172          0          0   ROM Totals

==============================================================================

    Total RO  Size (Code + RO Data)                22164 (  21.64kB)
    Total RW  Size (RW Data + ZI Data)              2896 (   2.83kB)
    Total ROM Size (Code + RO Data + RW Data)      22336 (  21.81kB)

==============================================================================

